Component: ARM Compiler 5.06 update 7 (build 960) Tool: armlink [4d3601]

==============================================================================

Section Cross References

    startup_stm32f030x6.o(STACK) refers (Special) to heapauxi.o(.text) for __use_two_region_memory
    startup_stm32f030x6.o(HEAP) refers (Special) to heapauxi.o(.text) for __use_two_region_memory
    startup_stm32f030x6.o(RESET) refers (Special) to heapauxi.o(.text) for __use_two_region_memory
    startup_stm32f030x6.o(RESET) refers to startup_stm32f030x6.o(STACK) for __initial_sp
    startup_stm32f030x6.o(RESET) refers to startup_stm32f030x6.o(.text) for Reset_Handler
    startup_stm32f030x6.o(RESET) refers to stm32f0xx_it.o(i.NMI_Handler) for NMI_Handler
    startup_stm32f030x6.o(RESET) refers to stm32f0xx_it.o(i.HardFault_Handler) for HardFault_Handler
    startup_stm32f030x6.o(RESET) refers to stm32f0xx_it.o(i.SVC_Handler) for SVC_Handler
    startup_stm32f030x6.o(RESET) refers to stm32f0xx_it.o(i.PendSV_Handler) for PendSV_Handler
    startup_stm32f030x6.o(RESET) refers to stm32f0xx_it.o(i.SysTick_Handler) for SysTick_Handler
    startup_stm32f030x6.o(RESET) refers to stm32f0xx_it.o(i.TIM1_CC_IRQHandler) for TIM1_CC_IRQHandler
    startup_stm32f030x6.o(RESET) refers to stm32f0xx_it.o(i.TIM3_IRQHandler) for TIM3_IRQHandler
    startup_stm32f030x6.o(RESET) refers to stm32f0xx_it.o(i.TIM14_IRQHandler) for TIM14_IRQHandler
    startup_stm32f030x6.o(RESET) refers to stm32f0xx_it.o(i.TIM16_IRQHandler) for TIM16_IRQHandler
    startup_stm32f030x6.o(RESET) refers to stm32f0xx_it.o(i.TIM17_IRQHandler) for TIM17_IRQHandler
    startup_stm32f030x6.o(RESET) refers to stm32f0xx_it.o(i.I2C1_IRQHandler) for I2C1_IRQHandler
    startup_stm32f030x6.o(.text) refers (Special) to heapauxi.o(.text) for __use_two_region_memory
    startup_stm32f030x6.o(.text) refers to system_stm32f0xx.o(i.SystemInit) for SystemInit
    startup_stm32f030x6.o(.text) refers to __main.o(!!!main) for __main
    startup_stm32f030x6.o(.text) refers to startup_stm32f030x6.o(HEAP) for Heap_Mem
    startup_stm32f030x6.o(.text) refers to startup_stm32f030x6.o(STACK) for Stack_Mem
    main.o(i.HAL_I2C_AddrCallback) refers to main.o(.data) for .data
    main.o(i.main) refers to main.o(.bss) for .bss
    main.o(i.main) refers to main.o(.data) for .data
    main.o(i.main) refers to stm32f0xx_hal.o(i.HAL_Init) for HAL_Init
    main.o(i.main) refers to configuracion.o(i.SystemClock_Config) for SystemClock_Config
    main.o(i.main) refers to configuracion.o(i.MX_GPIO_Init) for MX_GPIO_Init
    main.o(i.main) refers to configuracion.o(i.MX_ADC_Init) for MX_ADC_Init
    main.o(i.main) refers to configuracion.o(i.MX_TIM1_Init) for MX_TIM1_Init
    main.o(i.main) refers to configuracion.o(i.MX_TIM3_Init) for MX_TIM3_Init
    main.o(i.main) refers to configuracion.o(i.MX_TIM14_Init) for MX_TIM14_Init
    main.o(i.main) refers to configuracion.o(i.MX_TIM16_Init) for MX_TIM16_Init
    main.o(i.main) refers to configuracion.o(i.MX_TIM17_Init) for MX_TIM17_Init
    main.o(i.main) refers to configuracion.o(i.MX_I2C1_Init) for MX_I2C1_Init
    main.o(i.main) refers to stm32f0xx_hal_i2c.o(i.HAL_I2C_EnableListen_IT) for HAL_I2C_EnableListen_IT
    main.o(i.main) refers to stm32f0xx_hal_tim.o(i.HAL_TIM_Base_Start_IT) for HAL_TIM_Base_Start_IT
    main.o(i.main) refers to comunicaciones.o(i.recepcion_comunicaciones) for recepcion_comunicaciones
    main.o(i.main) refers to funcionalidad.o(i.actualizacion_configuracion_io) for actualizacion_configuracion_io
    main.o(i.main) refers to comunicaciones.o(i.transmision_comunicaciones) for transmision_comunicaciones
    stm32f0xx_it.o(i.I2C1_IRQHandler) refers to main.o(.bss) for hi2c1
    stm32f0xx_it.o(i.I2C1_IRQHandler) refers to stm32f0xx_hal_i2c.o(i.HAL_I2C_ER_IRQHandler) for HAL_I2C_ER_IRQHandler
    stm32f0xx_it.o(i.I2C1_IRQHandler) refers to stm32f0xx_hal_i2c.o(i.HAL_I2C_EV_IRQHandler) for HAL_I2C_EV_IRQHandler
    stm32f0xx_it.o(i.SysTick_Handler) refers to stm32f0xx_hal.o(i.HAL_IncTick) for HAL_IncTick
    stm32f0xx_it.o(i.TIM14_IRQHandler) refers to main.o(.data) for _timer_14_interrupt_done
    stm32f0xx_it.o(i.TIM14_IRQHandler) refers to main.o(.bss) for htim14
    stm32f0xx_it.o(i.TIM14_IRQHandler) refers to stm32f0xx_hal_tim.o(i.HAL_TIM_IRQHandler) for HAL_TIM_IRQHandler
    stm32f0xx_it.o(i.TIM16_IRQHandler) refers to main.o(.bss) for htim16
    stm32f0xx_it.o(i.TIM16_IRQHandler) refers to stm32f0xx_hal_tim.o(i.HAL_TIM_IRQHandler) for HAL_TIM_IRQHandler
    stm32f0xx_it.o(i.TIM17_IRQHandler) refers to main.o(.bss) for htim17
    stm32f0xx_it.o(i.TIM17_IRQHandler) refers to stm32f0xx_hal_tim.o(i.HAL_TIM_IRQHandler) for HAL_TIM_IRQHandler
    stm32f0xx_it.o(i.TIM1_CC_IRQHandler) refers to main.o(.bss) for htim1
    stm32f0xx_it.o(i.TIM1_CC_IRQHandler) refers to stm32f0xx_hal_tim.o(i.HAL_TIM_IRQHandler) for HAL_TIM_IRQHandler
    stm32f0xx_it.o(i.TIM3_IRQHandler) refers to main.o(.bss) for htim3
[...]
    Removing stm32f0xx_hal_tim.o(i.HAL_TIM_OnePulse_Stop_IT), (166 bytes).
    Removing stm32f0xx_hal_tim.o(i.HAL_TIM_PWM_DeInit), (78 bytes).
    Removing stm32f0xx_hal_tim.o(i.HAL_TIM_PWM_GetState), (6 bytes).
    Removing stm32f0xx_hal_tim.o(i.HAL_TIM_PWM_MspDeInit), (2 bytes).
    Removing stm32f0xx_hal_tim.o(i.HAL_TIM_PWM_PulseFinishedHalfCpltCallback), (2 bytes).
    Removing stm32f0xx_hal_tim.o(i.HAL_TIM_PWM_Start_DMA), (482 bytes).
    Removing stm32f0xx_hal_tim.o(i.HAL_TIM_PWM_Start_IT), (214 bytes).
    Removing stm32f0xx_hal_tim.o(i.HAL_TIM_PWM_Stop_DMA), (244 bytes).
    Removing stm32f0xx_hal_tim.o(i.HAL_TIM_PWM_Stop_IT), (212 bytes).
    Removing stm32f0xx_hal_tim.o(i.HAL_TIM_PeriodElapsedHalfCpltCallback), (2 bytes).
    Removing stm32f0xx_hal_tim.o(i.HAL_TIM_ReadCapturedValue), (44 bytes).
    Removing stm32f0xx_hal_tim.o(i.HAL_TIM_SlaveConfigSynchro), (76 bytes).
    Removing stm32f0xx_hal_tim.o(i.HAL_TIM_SlaveConfigSynchro_IT), (76 bytes).
    Removing stm32f0xx_hal_tim.o(i.HAL_TIM_TriggerHalfCpltCallback), (2 bytes).
    Removing stm32f0xx_hal_tim.o(i.TIM_DMACaptureCplt), (118 bytes).
    Removing stm32f0xx_hal_tim.o(i.TIM_DMACaptureHalfCplt), (56 bytes).
    Removing stm32f0xx_hal_tim.o(i.TIM_DMADelayPulseCplt), (102 bytes).
    Removing stm32f0xx_hal_tim.o(i.TIM_DMADelayPulseHalfCplt), (56 bytes).
    Removing stm32f0xx_hal_tim.o(i.TIM_DMAError), (84 bytes).
    Removing stm32f0xx_hal_tim.o(i.TIM_DMAPeriodElapsedCplt), (24 bytes).
    Removing stm32f0xx_hal_tim.o(i.TIM_DMAPeriodElapsedHalfCplt), (10 bytes).
    Removing stm32f0xx_hal_tim.o(i.TIM_DMATriggerCplt), (24 bytes).
    Removing stm32f0xx_hal_tim.o(i.TIM_DMATriggerHalfCplt), (10 bytes).
    Removing stm32f0xx_hal_tim.o(i.TIM_SlaveTimer_SetConfig), (150 bytes).
    Removing stm32f0xx_hal_tim.o(i.TIM_TI1_SetConfig), (76 bytes).
    Removing stm32f0xx_hal_tim.o(i.TIM_TI2_SetConfig), (52 bytes).
    Removing stm32f0xx_hal_tim.o(c.TIM_SlaveTimer_SetConfig.00000028), (8 bytes).
    Removing stm32f0xx_hal_tim_ex.o(.rev16_text), (4 bytes).
    Removing stm32f0xx_hal_tim_ex.o(.revsh_text), (4 bytes).
    Removing stm32f0xx_hal_tim_ex.o(i.HAL_TIMEx_CommutHalfCpltCallback), (2 bytes).
    Removing stm32f0xx_hal_tim_ex.o(i.HAL_TIMEx_ConfigCommutEvent), (108 bytes).
    Removing stm32f0xx_hal_tim_ex.o(i.HAL_TIMEx_ConfigCommutEvent_DMA), (162 bytes).
    Removing stm32f0xx_hal_tim_ex.o(i.HAL_TIMEx_ConfigCommutEvent_IT), (108 bytes).
    Removing stm32f0xx_hal_tim_ex.o(i.HAL_TIMEx_GetChannelNState), (30 bytes).
    Removing stm32f0xx_hal_tim_ex.o(i.HAL_TIMEx_HallSensor_DeInit), (68 bytes).
    Removing stm32f0xx_hal_tim_ex.o(i.HAL_TIMEx_HallSensor_GetState), (6 bytes).
    Removing stm32f0xx_hal_tim_ex.o(i.HAL_TIMEx_HallSensor_Init), (196 bytes).
    Removing stm32f0xx_hal_tim_ex.o(i.HAL_TIMEx_HallSensor_MspDeInit), (2 bytes).
    Removing stm32f0xx_hal_tim_ex.o(i.HAL_TIMEx_HallSensor_MspInit), (2 bytes).
    Removing stm32f0xx_hal_tim_ex.o(i.HAL_TIMEx_HallSensor_Start), (110 bytes).
    Removing stm32f0xx_hal_tim_ex.o(i.HAL_TIMEx_HallSensor_Start_DMA), (204 bytes).
    Removing stm32f0xx_hal_tim_ex.o(i.HAL_TIMEx_HallSensor_Start_IT), (118 bytes).
    Removing stm32f0xx_hal_tim_ex.o(i.HAL_TIMEx_HallSensor_Stop), (64 bytes).
    Removing stm32f0xx_hal_tim_ex.o(i.HAL_TIMEx_HallSensor_Stop_DMA), (76 bytes).
    Removing stm32f0xx_hal_tim_ex.o(i.HAL_TIMEx_HallSensor_Stop_IT), (74 bytes).
    Removing stm32f0xx_hal_tim_ex.o(i.HAL_TIMEx_OCN_Start), (136 bytes).
    Removing stm32f0xx_hal_tim_ex.o(i.HAL_TIMEx_OCN_Start_DMA), (352 bytes).
    Removing stm32f0xx_hal_tim_ex.o(i.HAL_TIMEx_OCN_Start_IT), (168 bytes).
    Removing stm32f0xx_hal_tim_ex.o(i.HAL_TIMEx_OCN_Stop), (104 bytes).
    Removing stm32f0xx_hal_tim_ex.o(i.HAL_TIMEx_OCN_Stop_DMA), (174 bytes).
    Removing stm32f0xx_hal_tim_ex.o(i.HAL_TIMEx_OCN_Stop_IT), (168 bytes).
    Removing stm32f0xx_hal_tim_ex.o(i.HAL_TIMEx_OnePulseN_Start), (98 bytes).
    Removing stm32f0xx_hal_tim_ex.o(i.HAL_TIMEx_OnePulseN_Start_IT), (116 bytes).
    Removing stm32f0xx_hal_tim_ex.o(i.HAL_TIMEx_OnePulseN_Stop), (110 bytes).
    Removing stm32f0xx_hal_tim_ex.o(i.HAL_TIMEx_OnePulseN_Stop_IT), (130 bytes).
    Removing stm32f0xx_hal_tim_ex.o(i.HAL_TIMEx_PWMN_Start), (136 bytes).
    Removing stm32f0xx_hal_tim_ex.o(i.HAL_TIMEx_PWMN_Start_DMA), (352 bytes).
    Removing stm32f0xx_hal_tim_ex.o(i.HAL_TIMEx_PWMN_Start_IT), (168 bytes).
    Removing stm32f0xx_hal_tim_ex.o(i.HAL_TIMEx_PWMN_Stop), (104 bytes).
    Removing stm32f0xx_hal_tim_ex.o(i.HAL_TIMEx_PWMN_Stop_DMA), (174 bytes).
    Removing stm32f0xx_hal_tim_ex.o(i.HAL_TIMEx_PWMN_Stop_IT), (168 bytes).
    Removing stm32f0xx_hal_tim_ex.o(i.HAL_TIMEx_RemapConfig), (28 bytes).
    Removing stm32f0xx_hal_tim_ex.o(i.TIMEx_DMACommutationCplt), (16 bytes).
    Removing stm32f0xx_hal_tim_ex.o(i.TIMEx_DMACommutationHalfCplt), (16 bytes).
    Removing stm32f0xx_hal_tim_ex.o(i.TIM_CCxNChannelCmd), (26 bytes).
    Removing stm32f0xx_hal_tim_ex.o(i.TIM_DMADelayPulseNCplt), (80 bytes).
    Removing stm32f0xx_hal_tim_ex.o(i.TIM_DMAErrorCCxN), (62 bytes).
    Removing system_stm32f0xx.o(.rev16_text), (4 bytes).
    Removing system_stm32f0xx.o(.revsh_text), (4 bytes).
    Removing system_stm32f0xx.o(i.SystemCoreClockUpdate), (136 bytes).
    Removing system_stm32f0xx.o(.constdata), (8 bytes).

378 unused section(s) (total 33515 bytes) removed from the image.

==============================================================================

Image Symbol Table

    Local Symbols

    Symbol Name                              Value     Ov Type        Size  Object(Section)

    ../Core/Src/main.c                       0x00000000   Number         0  main.o ABSOLUTE
    ../Core/Src/stm32f0xx_hal_msp.c          0x00000000   Number         0  stm32f0xx_hal_msp.o ABSOLUTE
    ../Core/Src/stm32f0xx_it.c               0x00000000   Number         0  stm32f0xx_it.o ABSOLUTE
    ../Core/Src/system_stm32f0xx.c           0x00000000   Number         0  system_stm32f0xx.o ABSOLUTE
    ../Drivers/STM32F0xx_HAL_Driver/Src/stm32f0xx_hal.c 0x00000000   Number         0  stm32f0xx_hal.o ABSOLUTE
    ../Drivers/STM32F0xx_HAL_Driver/Src/stm32f0xx_hal_adc.c 0x00000000   Number         0  stm32f0xx_hal_adc.o ABSOLUTE
    ../Drivers/STM32F0xx_HAL_Driver/Src/stm32f0xx_hal_adc_ex.c 0x00000000   Number         0  stm32f0xx_hal_adc_ex.o ABSOLUTE
    ../Drivers/STM32F0xx_HAL_Driver/Src/stm32f0xx_hal_cortex.c 0x00000000   Number         0  stm32f0xx_hal_cortex.o ABSOLUTE
    ../Drivers/STM32F0xx_HAL_Driver/Src/stm32f0xx_hal_dma.c 0x00000000   Number         0  stm32f0xx_hal_dma.o ABSOLUTE
    ../Drivers/STM32F0xx_HAL_Driver/Src/stm32f0xx_hal_exti.c 0x00000000   Number         0  stm32f0xx_hal_exti.o ABSOLUTE
    ../Drivers/STM32F0xx_HAL_Driver/Src/stm32f0xx_hal_flash.c 0x00000000   Number         0  stm32f0xx_hal_flash.o ABSOLUTE
    ../Drivers/STM32F0xx_HAL_Driver/Src/stm32f0xx_hal_flash_ex.c 0x00000000   Number         0  stm32f0xx_hal_flash_ex.o ABSOLUTE
    ../Drivers/STM32F0xx_HAL_Driver/Src/stm32f0xx_hal_gpio.c 0x00000000   Number         0  stm32f0xx_hal_gpio.o ABSOLUTE
    ../Drivers/STM32F0xx_HAL_Driver/Src/stm32f0xx_hal_i2c.c 0x00000000   Number         0  stm32f0xx_hal_i2c.o ABSOLUTE
    ../Drivers/STM32F0xx_HAL_Driver/Src/stm32f0xx_hal_i2c_ex.c 0x00000000   Number         0  stm32f0xx_hal_i2c_ex.o ABSOLUTE
    ../Drivers/STM32F0xx_HAL_Driver/Src/stm32f0xx_hal_pwr.c 0x00000000   Number         0  stm32f0xx_hal_pwr.o ABSOLUTE
    ../Drivers/STM32F0xx_HAL_Driver/Src/stm32f0xx_hal_pwr_ex.c 0x00000000   Number         0  stm32f0xx_hal_pwr_ex.o ABSOLUTE
    ../Drivers/STM32F0xx_HAL_Driver/Src/stm32f0xx_hal_rcc.c 0x00000000   Number         0  stm32f0xx_hal_rcc.o ABSOLUTE
    ../Drivers/STM32F0xx_HAL_Driver/Src/stm32f0xx_hal_rcc_ex.c 0x00000000   Number         0  stm32f0xx_hal_rcc_ex.o ABSOLUTE
    ../Drivers/STM32F0xx_HAL_Driver/Src/stm32f0xx_hal_tim.c 0x00000000   Number         0  stm32f0xx_hal_tim.o ABSOLUTE
    ../Drivers/STM32F0xx_HAL_Driver/Src/stm32f0xx_hal_tim_ex.c 0x00000000   Number         0  stm32f0xx_hal_tim_ex.o ABSOLUTE
    ../clib/angel/boardlib.s                 0x00000000   Number         0  boardinit2.o ABSOLUTE
    ../clib/angel/boardlib.s                 0x00000000   Number         0  boardshut.o ABSOLUTE
    ../clib/angel/boardlib.s                 0x00000000   Number         0  boardinit1.o ABSOLUTE
    ../clib/angel/boardlib.s                 0x00000000   Number         0  boardinit3.o ABSOLUTE
    ../clib/angel/handlers.s                 0x00000000   Number         0  __scatter_copy.o ABSOLUTE
    ../clib/angel/handlers.s                 0x00000000   Number         0  __scatter_zi.o ABSOLUTE
    ../clib/angel/kernel.s                   0x00000000   Number         0  __rtentry2.o ABSOLUTE
    ../clib/angel/kernel.s                   0x00000000   Number         0  __rtentry4.o ABSOLUTE
    ../clib/angel/kernel.s                   0x00000000   Number         0  rtexit.o ABSOLUTE
    ../clib/angel/kernel.s                   0x00000000   Number         0  __rtentry.o ABSOLUTE
    ../clib/angel/kernel.s                   0x00000000   Number         0  rtexit2.o ABSOLUTE
    ../clib/angel/rt.s                       0x00000000   Number         0  rt_raise.o ABSOLUTE
    ../clib/angel/rt.s                       0x00000000   Number         0  rt_div0.o ABSOLUTE
    ../clib/angel/rt.s                       0x00000000   Number         0  aeabi_ldiv0_sigfpe.o ABSOLUTE
    ../clib/angel/rt.s                       0x00000000   Number         0  aeabi_ldiv0.o ABSOLUTE
    ../clib/angel/rt.s                       0x00000000   Number         0  aeabi_idiv0_sigfpe.o ABSOLUTE
    ../clib/angel/rt.s                       0x00000000   Number         0  aeabi_idiv0.o ABSOLUTE
    ../clib/angel/scatterp.s                 0x00000000   Number         0  __scatter.o ABSOLUTE
    ../clib/angel/startup.s                  0x00000000   Number         0  __main.o ABSOLUTE
    ../clib/angel/sys.s                      0x00000000   Number         0  tempstk.o ABSOLUTE
    ../clib/angel/sys.s                      0x00000000   Number         0  libspace.o ABSOLUTE
    ../clib/angel/sys.s                      0x00000000   Number         0  sys_stackheap_outer.o ABSOLUTE
    ../clib/angel/sys.s                      0x00000000   Number         0  use_no_semi.o ABSOLUTE
    ../clib/angel/sys.s                      0x00000000   Number         0  indicate_semi.o ABSOLUTE
    ../clib/angel/sysapp.c                   0x00000000   Number         0  sys_command.o ABSOLUTE
    ../clib/angel/sysapp.c                   0x00000000   Number         0  sys_exit.o ABSOLUTE
    ../clib/angel/sysapp.c                   0x00000000   Number         0  sys_wrch.o ABSOLUTE
    ../clib/armsys.c                         0x00000000   Number         0  argv_veneer.o ABSOLUTE
    ../clib/armsys.c                         0x00000000   Number         0  _get_argv_nomalloc.o ABSOLUTE
    ../clib/armsys.c                         0x00000000   Number         0  no_argv.o ABSOLUTE
    ../clib/division.c                       0x00000000   Number         0  lludiv.o ABSOLUTE
    ../clib/division.s                       0x00000000   Number         0  aeabi_sdiv.o ABSOLUTE
    ../clib/division.s                       0x00000000   Number         0  aeabi_sdiv_div0.o ABSOLUTE
    ../clib/heapalloc.c                      0x00000000   Number         0  hrguard.o ABSOLUTE
    ../clib/heapaux.c                        0x00000000   Number         0  heapauxi.o ABSOLUTE
    ../clib/libinit.s                        0x00000000   Number         0  libshutdown.o ABSOLUTE
    ../clib/libinit.s                        0x00000000   Number         0  libinit2.o ABSOLUTE
    ../clib/libinit.s                        0x00000000   Number         0  libinit.o ABSOLUTE
    ../clib/libinit.s                        0x00000000   Number         0  libshutdown2.o ABSOLUTE
    ../clib/longlong.c                       0x00000000   Number         0  llushr.o ABSOLUTE
    ../clib/memcpset.c                       0x00000000   Number         0  rt_memclr.o ABSOLUTE
    ../clib/signal.c                         0x00000000   Number         0  defsig_abrt_inner.o ABSOLUTE
    ../clib/signal.c                         0x00000000   Number         0  defsig_fpe_inner.o ABSOLUTE
    ../clib/signal.c                         0x00000000   Number         0  defsig_exit.o ABSOLUTE
    ../clib/signal.c                         0x00000000   Number         0  defsig_fpe_formal.o ABSOLUTE
    ../clib/signal.c                         0x00000000   Number         0  defsig_rtred_inner.o ABSOLUTE
    ../clib/signal.c                         0x00000000   Number         0  defsig_rtmem_inner.o ABSOLUTE
    ../clib/signal.c                         0x00000000   Number         0  defsig_rtmem_outer.o ABSOLUTE
    ../clib/signal.c                         0x00000000   Number         0  defsig_rtmem_formal.o ABSOLUTE
    ../clib/signal.c                         0x00000000   Number         0  defsig_stak_inner.o ABSOLUTE
    ../clib/signal.c                         0x00000000   Number         0  defsig_pvfn_inner.o ABSOLUTE
    ../clib/signal.c                         0x00000000   Number         0  defsig_cppl_inner.o ABSOLUTE
    ../clib/signal.c                         0x00000000   Number         0  defsig_fpe_outer.o ABSOLUTE
    ../clib/signal.c                         0x00000000   Number         0  defsig_general.o ABSOLUTE
    ../clib/signal.c                         0x00000000   Number         0  __raise.o ABSOLUTE
    ../clib/signal.c                         0x00000000   Number         0  defsig_segv_inner.o ABSOLUTE
    ../clib/signal.c                         0x00000000   Number         0  defsig_other.o ABSOLUTE
    ../clib/signal.s                         0x00000000   Number         0  defsig.o ABSOLUTE
    ../clib/stdlib.c                         0x00000000   Number         0  exit.o ABSOLUTE
    ../fplib/cfplib/ddiv.c                   0x00000000   Number         0  ddiv.o ABSOLUTE
    ../fplib/cfplib/dmul.c                   0x00000000   Number         0  dmul.o ABSOLUTE
    ../fplib/cfplib/ffix.c                   0x00000000   Number         0  dfixui.o ABSOLUTE
    ../fplib/cfplib/ffix.c                   0x00000000   Number         0  ffixui.o ABSOLUTE
    ../fplib/cfplib/fflt.c                   0x00000000   Number         0  dflti.o ABSOLUTE
    ../fplib/cfplib/fflt.c                   0x00000000   Number         0  fflti.o ABSOLUTE
    ../fplib/cfplib/fpinit.c                 0x00000000   Number         0  fpinit.o ABSOLUTE
    ../fplib/fmul6m.s                        0x00000000   Number         0  fmul.o ABSOLUTE
    ../fplib/usenofp.s                       0x00000000   Number         0  usenofp.o ABSOLUTE
    ..\Core\Src\comunicaciones.c             0x00000000   Number         0  comunicaciones.o ABSOLUTE
    ..\Core\Src\configuracion.c              0x00000000   Number         0  configuracion.o ABSOLUTE
    ..\Core\Src\funcionalidad.c              0x00000000   Number         0  funcionalidad.o ABSOLUTE
    ..\Core\Src\hal.c                        0x00000000   Number         0  hal.o ABSOLUTE
    ..\Core\Src\main.c                       0x00000000   Number         0  main.o ABSOLUTE
    ..\Core\Src\stm32f0xx_hal_msp.c          0x00000000   Number         0  stm32f0xx_hal_msp.o ABSOLUTE
    ..\Core\Src\stm32f0xx_it.c               0x00000000   Number         0  stm32f0xx_it.o ABSOLUTE
    ..\Core\Src\system_stm32f0xx.c           0x00000000   Number         0  system_stm32f0xx.o ABSOLUTE
    ..\Drivers\STM32F0xx_HAL_Driver\Src\stm32f0xx_hal.c 0x00000000   Number         0  stm32f0xx_hal.o ABSOLUTE
    ..\Drivers\STM32F0xx_HAL_Driver\Src\stm32f0xx_hal_adc.c 0x00000000   Number         0  stm32f0xx_hal_adc.o ABSOLUTE
    ..\Drivers\STM32F0xx_HAL_Driver\Src\stm32f0xx_hal_adc_ex.c 0x00000000   Number         0  stm32f0xx_hal_adc_ex.o ABSOLUTE
    ..\Drivers\STM32F0xx_HAL_Driver\Src\stm32f0xx_hal_cortex.c 0x00000000   Number         0  stm32f0xx_hal_cortex.o ABSOLUTE
    ..\Drivers\STM32F0xx_HAL_Driver\Src\stm32f0xx_hal_dma.c 0x00000000   Number         0  stm32f0xx_hal_dma.o ABSOLUTE
    ..\Drivers\STM32F0xx_HAL_Driver\Src\stm32f0xx_hal_exti.c 0x00000000   Number         0  stm32f0xx_hal_exti.o ABSOLUTE
    ..\Drivers\STM32F0xx_HAL_Driver\Src\stm32f0xx_hal_flash.c 0x00000000   Number         0  stm32f0xx_hal_flash.o ABSOLUTE
    ..\Drivers\STM32F0xx_HAL_Driver\Src\stm32f0xx_hal_flash_ex.c 0x00000000   Number         0  stm32f0xx_hal_flash_ex.o ABSOLUTE
    ..\Drivers\STM32F0xx_HAL_Driver\Src\stm32f0xx_hal_gpio.c 0x00000000   Number         0  stm32f0xx_hal_gpio.o ABSOLUTE
    ..\Drivers\STM32F0xx_HAL_Driver\Src\stm32f0xx_hal_i2c.c 0x00000000   Number         0  stm32f0xx_hal_i2c.o ABSOLUTE
    ..\Drivers\STM32F0xx_HAL_Driver\Src\stm32f0xx_hal_i2c_ex.c 0x00000000   Number         0  stm32f0xx_hal_i2c_ex.o ABSOLUTE
    ..\Drivers\STM32F0xx_HAL_Driver\Src\stm32f0xx_hal_pwr.c 0x00000000   Number         0  stm32f0xx_hal_pwr.o ABSOLUTE
    ..\Drivers\STM32F0xx_HAL_Driver\Src\stm32f0xx_hal_pwr_ex.c 0x00000000   Number         0  stm32f0xx_hal_pwr_ex.o ABSOLUTE
    ..\Drivers\STM32F0xx_HAL_Driver\Src\stm32f0xx_hal_rcc.c 0x00000000   Number         0  stm32f0xx_hal_rcc.o ABSOLUTE
    ..\Drivers\STM32F0xx_HAL_Driver\Src\stm32f0xx_hal_rcc_ex.c 0x00000000   Number         0  stm32f0xx_hal_rcc_ex.o ABSOLUTE
    ..\Drivers\STM32F0xx_HAL_Driver\Src\stm32f0xx_hal_tim.c 0x00000000   Number         0  stm32f0xx_hal_tim.o ABSOLUTE
    ..\Drivers\STM32F0xx_HAL_Driver\Src\stm32f0xx_hal_tim_ex.c 0x00000000   Number         0  stm32f0xx_hal_tim_ex.o ABSOLUTE
    ..\\Core\\Src\\comunicaciones.c          0x00000000   Number         0  comunicaciones.o ABSOLUTE
    ..\\Core\\Src\\configuracion.c           0x00000000   Number         0  configuracion.o ABSOLUTE
    ..\\Core\\Src\\funcionalidad.c           0x00000000   Number         0  funcionalidad.o ABSOLUTE
    ..\\Core\\Src\\hal.c                     0x00000000   Number         0  hal.o ABSOLUTE
    dc.s                                     0x00000000   Number         0  dc.o ABSOLUTE
    startup_stm32f030x6.s                    0x00000000   Number         0  startup_stm32f030x6.o ABSOLUTE
    RESET                                    0x08000000   Section      176  startup_stm32f030x6.o(RESET)
    !!!main                                  0x080000b0   Section        8  __main.o(!!!main)
    !!!scatter                               0x080000b8   Section       60  __scatter.o(!!!scatter)
    !!handler_copy                           0x080000f4   Section       26  __scatter_copy.o(!!handler_copy)
    !!handler_zi                             0x08000110   Section       28  __scatter_zi.o(!!handler_zi)
    .ARM.Collect$$libinit$$00000000          0x0800012c   Section        2  libinit.o(.ARM.Collect$$libinit$$00000000)
    .ARM.Collect$$libinit$$00000002          0x0800012e   Section        0  libinit2.o(.ARM.Collect$$libinit$$00000002)
    .ARM.Collect$$libinit$$00000004          0x0800012e   Section        0  libinit2.o(.ARM.Collect$$libinit$$00000004)
    .ARM.Collect$$libinit$$0000000A          0x0800012e   Section        0  libinit2.o(.ARM.Collect$$libinit$$0000000A)
    .ARM.Collect$$libinit$$0000000C          0x0800012e   Section        0  libinit2.o(.ARM.Collect$$libinit$$0000000C)
    .ARM.Collect$$libinit$$0000000E          0x0800012e   Section        0  libinit2.o(.ARM.Collect$$libinit$$0000000E)
    .ARM.Collect$$libinit$$00000011          0x0800012e   Section        0  libinit2.o(.ARM.Collect$$libinit$$00000011)
    .ARM.Collect$$libinit$$00000013          0x0800012e   Section        0  libinit2.o(.ARM.Collect$$libinit$$00000013)
    .ARM.Collect$$libinit$$00000015          0x0800012e   Section        0  libinit2.o(.ARM.Collect$$libinit$$00000015)
    .ARM.Collect$$libinit$$00000017          0x0800012e   Section        0  libinit2.o(.ARM.Collect$$libinit$$00000017)
    .ARM.Collect$$libinit$$00000019          0x0800012e   Section        0  libinit2.o(.ARM.Collect$$libinit$$00000019)
    .ARM.Collect$$libinit$$0000001B          0x0800012e   Section        0  libinit2.o(.ARM.Collect$$libinit$$0000001B)
    .ARM.Collect$$libinit$$0000001D          0x0800012e   Section        0  libinit2.o(.ARM.Collect$$libinit$$0000001D)
    .ARM.Collect$$libinit$$0000001F          0x0800012e   Section        0  libinit2.o(.ARM.Collect$$libinit$$0000001F)
    .ARM.Collect$$libinit$$00000021          0x0800012e   Section        0  libinit2.o(.ARM.Collect$$libinit$$00000021)
    .ARM.Collect$$libinit$$00000023          0x0800012e   Section        0  libinit2.o(.ARM.Collect$$libinit$$00000023)
    .ARM.Collect$$libinit$$00000025          0x0800012e   Section        0  libinit2.o(.ARM.Collect$$libinit$$00000025)
    .ARM.Collect$$libinit$$0000002C          0x0800012e   Section        0  libinit2.o(.ARM.Collect$$libinit$$0000002C)
    .ARM.Collect$$libinit$$0000002E          0x0800012e   Section        0  libinit2.o(.ARM.Collect$$libinit$$0000002E)
    .ARM.Collect$$libinit$$00000030          0x0800012e   Section        0  libinit2.o(.ARM.Collect$$libinit$$00000030)
    .ARM.Collect$$libinit$$00000032          0x0800012e   Section        0  libinit2.o(.ARM.Collect$$libinit$$00000032)
    .ARM.Collect$$libinit$$00000033          0x0800012e   Section        2  libinit2.o(.ARM.Collect$$libinit$$00000033)
    .ARM.Collect$$libshutdown$$00000000      0x08000130   Section        2  libshutdown.o(.ARM.Collect$$libshutdown$$00000000)
    .ARM.Collect$$libshutdown$$00000002      0x08000132   Section        0  libshutdown2.o(.ARM.Collect$$libshutdown$$00000002)
    .ARM.Collect$$libshutdown$$00000004      0x08000132   Section        0  libshutdown2.o(.ARM.Collect$$libshutdown$$00000004)
    .ARM.Collect$$libshutdown$$00000006      0x08000132   Section        0  libshutdown2.o(.ARM.Collect$$libshutdown$$00000006)
    .ARM.Collect$$libshutdown$$00000009      0x08000132   Section        0  libshutdown2.o(.ARM.Collect$$libshutdown$$00000009)
    .ARM.Collect$$libshutdown$$0000000C      0x08000132   Section        0  libshutdown2.o(.ARM.Collect$$libshutdown$$0000000C)
    .ARM.Collect$$libshutdown$$0000000E      0x08000132   Section        0  libshutdown2.o(.ARM.Collect$$libshutdown$$0000000E)
    .ARM.Collect$$libshutdown$$00000011      0x08000132   Section        0  libshutdown2.o(.ARM.Collect$$libshutdown$$00000011)
    .ARM.Collect$$libshutdown$$00000012      0x08000132   Section        2  libshutdown2.o(.ARM.Collect$$libshutdown$$00000012)
    .ARM.Collect$$rtentry$$00000000          0x08000134   Section        0  __rtentry.o(.ARM.Collect$$rtentry$$00000000)
    .ARM.Collect$$rtentry$$00000002          0x08000134   Section        0  __rtentry2.o(.ARM.Collect$$rtentry$$00000002)
    .ARM.Collect$$rtentry$$00000004          0x08000134   Section        6  __rtentry4.o(.ARM.Collect$$rtentry$$00000004)
    .ARM.Collect$$rtentry$$00000009          0x0800013a   Section        0  __rtentry2.o(.ARM.Collect$$rtentry$$00000009)
    .ARM.Collect$$rtentry$$0000000A          0x0800013a   Section        4  __rtentry2.o(.ARM.Collect$$rtentry$$0000000A)
    .ARM.Collect$$rtentry$$0000000C          0x0800013e   Section        0  __rtentry2.o(.ARM.Collect$$rtentry$$0000000C)
    .ARM.Collect$$rtentry$$0000000D          0x0800013e   Section        8  __rtentry2.o(.ARM.Collect$$rtentry$$0000000D)
    .ARM.Collect$$rtexit$$00000000           0x08000146   Section        2  rtexit.o(.ARM.Collect$$rtexit$$00000000)
    .ARM.Collect$$rtexit$$00000002           0x08000148   Section        0  rtexit2.o(.ARM.Collect$$rtexit$$00000002)
    .ARM.Collect$$rtexit$$00000003           0x08000148   Section        4  rtexit2.o(.ARM.Collect$$rtexit$$00000003)
    .ARM.Collect$$rtexit$$00000004           0x0800014c   Section        6  rtexit2.o(.ARM.Collect$$rtexit$$00000004)
    .text                                    0x08000154   Section       56  startup_stm32f030x6.o(.text)
    .text                                    0x0800018c   Section        0  lludiv.o(.text)
    .text                                    0x0800028e   Section        0  rt_memclr.o(.text)
    .text                                    0x080002ce   Section      346  aeabi_sdiv.o(.text)
    .text                                    0x08000428   Section        0  heapauxi.o(.text)
    .text                                    0x0800042e   Section       62  sys_stackheap_outer.o(.text)
    .text                                    0x0800046c   Section        0  exit.o(.text)
    .text                                    0x0800047c   Section        8  libspace.o(.text)
    .text                                    0x08000484   Section        0  sys_exit.o(.text)
    .text                                    0x08000490   Section        2  use_no_semi.o(.text)
    .text                                    0x08000492   Section        0  indicate_semi.o(.text)
    i.Error_Handler                          0x08000492   Section        0  main.o(i.Error_Handler)
    i.HAL_ADC_ConfigChannel                  0x08000496   Section        0  stm32f0xx_hal_adc.o(i.HAL_ADC_ConfigChannel)
    i.HAL_ADC_Init                           0x080005c2   Section        0  stm32f0xx_hal_adc.o(i.HAL_ADC_Init)
    i.HAL_ADC_MspInit                        0x08000740   Section        0  stm32f0xx_hal_msp.o(i.HAL_ADC_MspInit)
    i.HAL_DMA_Abort_IT                       0x080007c2   Section        0  stm32f0xx_hal_dma.o(i.HAL_DMA_Abort_IT)
    i.HAL_DMA_GetState                       0x0800080a   Section        0  stm32f0xx_hal_dma.o(i.HAL_DMA_GetState)
    i.HAL_GPIO_Init                          0x08000810   Section        0  stm32f0xx_hal_gpio.o(i.HAL_GPIO_Init)
    i.HAL_GPIO_WritePin                      0x080009f2   Section        0  stm32f0xx_hal_gpio.o(i.HAL_GPIO_WritePin)
    i.HAL_GetTick                            0x080009fe   Section        0  stm32f0xx_hal.o(i.HAL_GetTick)
    i.HAL_I2CEx_ConfigAnalogFilter           0x08000a10   Section        0  stm32f0xx_hal_i2c_ex.o(i.HAL_I2CEx_ConfigAnalogFilter)
    i.HAL_I2C_AbortCpltCallback              0x08000a5a   Section        0  stm32f0xx_hal_i2c.o(i.HAL_I2C_AbortCpltCallback)
    i.HAL_I2C_AddrCallback                   0x08000a5c   Section        0  main.o(i.HAL_I2C_AddrCallback)
    i.HAL_I2C_ER_IRQHandler                  0x08000a74   Section        0  stm32f0xx_hal_i2c.o(i.HAL_I2C_ER_IRQHandler)
    i.HAL_I2C_EV_IRQHandler                  0x08000ad2   Section        0  stm32f0xx_hal_i2c.o(i.HAL_I2C_EV_IRQHandler)
    i.HAL_I2C_EnableListen_IT                0x08000ae2   Section        0  stm32f0xx_hal_i2c.o(i.HAL_I2C_EnableListen_IT)
    i.HAL_I2C_ErrorCallback                  0x08000b12   Section        0  stm32f0xx_hal_i2c.o(i.HAL_I2C_ErrorCallback)
    i.HAL_I2C_Init                           0x08000b14   Section        0  stm32f0xx_hal_i2c.o(i.HAL_I2C_Init)
    i.HAL_I2C_ListenCpltCallback             0x08000bd6   Section        0  stm32f0xx_hal_i2c.o(i.HAL_I2C_ListenCpltCallback)
    i.HAL_I2C_MasterRxCpltCallback           0x08000bd8   Section        0  stm32f0xx_hal_i2c.o(i.HAL_I2C_MasterRxCpltCallback)
    i.HAL_I2C_MasterTxCpltCallback           0x08000bda   Section        0  stm32f0xx_hal_i2c.o(i.HAL_I2C_MasterTxCpltCallback)
    i.HAL_I2C_MemRxCpltCallback              0x08000bdc   Section        0  stm32f0xx_hal_i2c.o(i.HAL_I2C_MemRxCpltCallback)
    i.HAL_I2C_MemTxCpltCallback              0x08000bde   Section        0  stm32f0xx_hal_i2c.o(i.HAL_I2C_MemTxCpltCallback)
    i.HAL_I2C_MspInit                        0x08000be0   Section        0  stm32f0xx_hal_msp.o(i.HAL_I2C_MspInit)
    i.HAL_I2C_SlaveRxCpltCallback            0x08000c4e   Section        0  stm32f0xx_hal_i2c.o(i.HAL_I2C_SlaveRxCpltCallback)
    i.HAL_I2C_SlaveTxCpltCallback            0x08000c50   Section        0  stm32f0xx_hal_i2c.o(i.HAL_I2C_SlaveTxCpltCallback)
    i.HAL_IncTick                            0x08000c52   Section        0  stm32f0xx_hal.o(i.HAL_IncTick)
    i.HAL_Init                               0x08000c6a   Section        0  stm32f0xx_hal.o(i.HAL_Init)
    i.HAL_InitTick                           0x08000c8e   Section        0  stm32f0xx_hal.o(i.HAL_InitTick)
    i.HAL_MspInit                            0x08000ce0   Section        0  stm32f0xx_hal_msp.o(i.HAL_MspInit)
    i.HAL_NVIC_EnableIRQ                     0x08000d0c   Section        0  stm32f0xx_hal_cortex.o(i.HAL_NVIC_EnableIRQ)
    i.HAL_NVIC_SetPriority                   0x08000d24   Section        0  stm32f0xx_hal_cortex.o(i.HAL_NVIC_SetPriority)
    i.HAL_RCCEx_PeriphCLKConfig              0x08000d2c   Section        0  stm32f0xx_hal_rcc_ex.o(i.HAL_RCCEx_PeriphCLKConfig)
    i.HAL_RCC_ClockConfig                    0x08000e22   Section        0  stm32f0xx_hal_rcc.o(i.HAL_RCC_ClockConfig)
    i.HAL_RCC_GetSysClockFreq                0x08000f48   Section        0  stm32f0xx_hal_rcc.o(i.HAL_RCC_GetSysClockFreq)
    i.HAL_RCC_OscConfig                      0x08000fb8   Section        0  stm32f0xx_hal_rcc.o(i.HAL_RCC_OscConfig)
    i.HAL_SYSTICK_Config                     0x0800135a   Section        0  stm32f0xx_hal_cortex.o(i.HAL_SYSTICK_Config)
    i.HAL_TIMEx_BreakCallback                0x0800138a   Section        0  stm32f0xx_hal_tim_ex.o(i.HAL_TIMEx_BreakCallback)
    i.HAL_TIMEx_CommutCallback               0x0800138c   Section        0  stm32f0xx_hal_tim_ex.o(i.HAL_TIMEx_CommutCallback)
    i.HAL_TIMEx_ConfigBreakDeadTime          0x0800138e   Section        0  stm32f0xx_hal_tim_ex.o(i.HAL_TIMEx_ConfigBreakDeadTime)
    i.HAL_TIMEx_MasterConfigSynchronization  0x080013ec   Section        0  stm32f0xx_hal_tim_ex.o(i.HAL_TIMEx_MasterConfigSynchronization)
    i.HAL_TIM_Base_Init                      0x08001444   Section        0  stm32f0xx_hal_tim.o(i.HAL_TIM_Base_Init)
    i.HAL_TIM_Base_MspInit                   0x0800148c   Section        0  stm32f0xx_hal_msp.o(i.HAL_TIM_Base_MspInit)
    i.HAL_TIM_Base_Start_IT                  0x08001578   Section        0  stm32f0xx_hal_tim.o(i.HAL_TIM_Base_Start_IT)
    i.HAL_TIM_ConfigClockSource              0x080015c6   Section        0  stm32f0xx_hal_tim.o(i.HAL_TIM_ConfigClockSource)
    i.HAL_TIM_IC_CaptureCallback             0x080016a2   Section        0  stm32f0xx_hal_tim.o(i.HAL_TIM_IC_CaptureCallback)
    i.HAL_TIM_IRQHandler                     0x080016a4   Section        0  stm32f0xx_hal_tim.o(i.HAL_TIM_IRQHandler)
    i.HAL_TIM_MspPostInit                    0x080017cc   Section        0  stm32f0xx_hal_msp.o(i.HAL_TIM_MspPostInit)
    i.HAL_TIM_OC_ConfigChannel               0x08001850   Section        0  stm32f0xx_hal_tim.o(i.HAL_TIM_OC_ConfigChannel)
    i.HAL_TIM_OC_DelayElapsedCallback        0x080018a0   Section        0  stm32f0xx_hal_tim.o(i.HAL_TIM_OC_DelayElapsedCallback)
    i.HAL_TIM_OC_Init                        0x080018a2   Section        0  stm32f0xx_hal_tim.o(i.HAL_TIM_OC_Init)
    i.HAL_TIM_OC_MspInit                     0x080018ea   Section        0  stm32f0xx_hal_tim.o(i.HAL_TIM_OC_MspInit)
    i.HAL_TIM_PWM_ConfigChannel              0x080018ec   Section        0  stm32f0xx_hal_tim.o(i.HAL_TIM_PWM_ConfigChannel)
    i.HAL_TIM_PWM_Init                       0x080019bc   Section        0  stm32f0xx_hal_tim.o(i.HAL_TIM_PWM_Init)
    i.HAL_TIM_PWM_MspInit                    0x08001a04   Section        0  stm32f0xx_hal_tim.o(i.HAL_TIM_PWM_MspInit)
    i.HAL_TIM_PWM_PulseFinishedCallback      0x08001a06   Section        0  stm32f0xx_hal_tim.o(i.HAL_TIM_PWM_PulseFinishedCallback)
    i.HAL_TIM_PWM_Start                      0x08001a08   Section        0  stm32f0xx_hal_tim.o(i.HAL_TIM_PWM_Start)
    i.HAL_TIM_PWM_Stop                       0x08001ab6   Section        0  stm32f0xx_hal_tim.o(i.HAL_TIM_PWM_Stop)
    i.HAL_TIM_PeriodElapsedCallback          0x08001b50   Section        0  stm32f0xx_hal_tim.o(i.HAL_TIM_PeriodElapsedCallback)
    i.HAL_TIM_TriggerCallback                0x08001b52   Section        0  stm32f0xx_hal_tim.o(i.HAL_TIM_TriggerCallback)
    i.HardFault_Handler                      0x08001b54   Section        0  stm32f0xx_it.o(i.HardFault_Handler)
    i.I2C1_IRQHandler                        0x08001b56   Section        0  stm32f0xx_it.o(i.I2C1_IRQHandler)
    i.I2C_DMAAbort                           0x08001b98   Section        0  stm32f0xx_hal_i2c.o(i.I2C_DMAAbort)
    I2C_DMAAbort                             0x08001b99   Thumb Code    28  stm32f0xx_hal_i2c.o(i.I2C_DMAAbort)
    i.I2C_Disable_IRQ                        0x08001bb4   Section        0  stm32f0xx_hal_i2c.o(i.I2C_Disable_IRQ)
    I2C_Disable_IRQ                          0x08001bb5   Thumb Code    82  stm32f0xx_hal_i2c.o(i.I2C_Disable_IRQ)
    i.I2C_Enable_IRQ                         0x08001c06   Section        0  stm32f0xx_hal_i2c.o(i.I2C_Enable_IRQ)
    I2C_Enable_IRQ                           0x08001c07   Thumb Code   144  stm32f0xx_hal_i2c.o(i.I2C_Enable_IRQ)
    i.I2C_Flush_TXDR                         0x08001c96   Section        0  stm32f0xx_hal_i2c.o(i.I2C_Flush_TXDR)
    I2C_Flush_TXDR                           0x08001c97   Thumb Code    34  stm32f0xx_hal_i2c.o(i.I2C_Flush_TXDR)
    i.I2C_ITAddrCplt                         0x08001cb8   Section        0  stm32f0xx_hal_i2c.o(i.I2C_ITAddrCplt)
    I2C_ITAddrCplt                           0x08001cb9   Thumb Code   126  stm32f0xx_hal_i2c.o(i.I2C_ITAddrCplt)
    i.I2C_ITError                            0x08001d36   Section        0  stm32f0xx_hal_i2c.o(i.I2C_ITError)
    I2C_ITError                              0x08001d37   Thumb Code   292  stm32f0xx_hal_i2c.o(i.I2C_ITError)
    i.I2C_ITListenCplt                       0x08001e5a   Section        0  stm32f0xx_hal_i2c.o(i.I2C_ITListenCplt)
    I2C_ITListenCplt                         0x08001e5b   Thumb Code   104  stm32f0xx_hal_i2c.o(i.I2C_ITListenCplt)
    i.I2C_ITMasterCplt                       0x08001ec2   Section        0  stm32f0xx_hal_i2c.o(i.I2C_ITMasterCplt)
    I2C_ITMasterCplt                         0x08001ec3   Thumb Code   232  stm32f0xx_hal_i2c.o(i.I2C_ITMasterCplt)
    i.I2C_ITMasterSeqCplt                    0x08001faa   Section        0  stm32f0xx_hal_i2c.o(i.I2C_ITMasterSeqCplt)
    I2C_ITMasterSeqCplt                      0x08001fab   Thumb Code    72  stm32f0xx_hal_i2c.o(i.I2C_ITMasterSeqCplt)
    i.I2C_ITSlaveCplt                        0x08001ff2   Section        0  stm32f0xx_hal_i2c.o(i.I2C_ITSlaveCplt)
    I2C_ITSlaveCplt                          0x08001ff3   Thumb Code   456  stm32f0xx_hal_i2c.o(i.I2C_ITSlaveCplt)
    i.I2C_ITSlaveSeqCplt                     0x080021ba   Section        0  stm32f0xx_hal_i2c.o(i.I2C_ITSlaveSeqCplt)
    I2C_ITSlaveSeqCplt                       0x080021bb   Thumb Code   106  stm32f0xx_hal_i2c.o(i.I2C_ITSlaveSeqCplt)
    i.I2C_Master_ISR_DMA                     0x08002224   Section        0  stm32f0xx_hal_i2c.o(i.I2C_Master_ISR_DMA)
    I2C_Master_ISR_DMA                       0x08002225   Thumb Code   296  stm32f0xx_hal_i2c.o(i.I2C_Master_ISR_DMA)
    i.I2C_Mem_ISR_DMA                        0x0800234c   Section        0  stm32f0xx_hal_i2c.o(i.I2C_Mem_ISR_DMA)
    I2C_Mem_ISR_DMA                          0x0800234d   Thumb Code   342  stm32f0xx_hal_i2c.o(i.I2C_Mem_ISR_DMA)
    i.I2C_Slave_ISR_DMA                      0x080024a2   Section        0  stm32f0xx_hal_i2c.o(i.I2C_Slave_ISR_DMA)
    I2C_Slave_ISR_DMA                        0x080024a3   Thumb Code   258  stm32f0xx_hal_i2c.o(i.I2C_Slave_ISR_DMA)
    i.I2C_Slave_ISR_IT                       0x080025a4   Section        0  stm32f0xx_hal_i2c.o(i.I2C_Slave_ISR_IT)
    I2C_Slave_ISR_IT                         0x080025a5   Thumb Code   286  stm32f0xx_hal_i2c.o(i.I2C_Slave_ISR_IT)
    i.I2C_TransferConfig                     0x080026c2   Section        0  stm32f0xx_hal_i2c.o(i.I2C_TransferConfig)
    I2C_TransferConfig                       0x080026c3   Thumb Code    50  stm32f0xx_hal_i2c.o(i.I2C_TransferConfig)
    i.I2C_TreatErrorCallback                 0x080026f4   Section        0  stm32f0xx_hal_i2c.o(i.I2C_TreatErrorCallback)
    I2C_TreatErrorCallback                   0x080026f5   Thumb Code    38  stm32f0xx_hal_i2c.o(i.I2C_TreatErrorCallback)
    i.MX_ADC_Init                            0x0800271a   Section        0  configuracion.o(i.MX_ADC_Init)
    i.MX_GPIO_Init                           0x08002808   Section        0  configuracion.o(i.MX_GPIO_Init)
    i.MX_I2C1_Init                           0x080028a2   Section        0  configuracion.o(i.MX_I2C1_Init)
    i.MX_TIM14_Init                          0x080028fa   Section        0  configuracion.o(i.MX_TIM14_Init)
    i.MX_TIM16_Init                          0x08002928   Section        0  configuracion.o(i.MX_TIM16_Init)
    i.MX_TIM17_Init                          0x0800295a   Section        0  configuracion.o(i.MX_TIM17_Init)
    i.MX_TIM1_Init                           0x0800298c   Section        0  configuracion.o(i.MX_TIM1_Init)
    i.MX_TIM3_Init                           0x08002aa8   Section        0  configuracion.o(i.MX_TIM3_Init)
    i.NMI_Handler                            0x08002b5a   Section        0  stm32f0xx_it.o(i.NMI_Handler)
    i.PendSV_Handler                         0x08002b5c   Section        0  stm32f0xx_it.o(i.PendSV_Handler)
    i.SVC_Handler                            0x08002b5e   Section        0  stm32f0xx_it.o(i.SVC_Handler)
    i.SysTick_Handler                        0x08002b60   Section        0  stm32f0xx_it.o(i.SysTick_Handler)
    i.SystemClock_Config                     0x08002b68   Section        0  configuracion.o(i.SystemClock_Config)
    i.SystemInit                             0x08002bd8   Section        0  system_stm32f0xx.o(i.SystemInit)
    i.TIM14_IRQHandler                       0x08002bda   Section        0  stm32f0xx_it.o(i.TIM14_IRQHandler)
    i.TIM16_IRQHandler                       0x08002c02   Section        0  stm32f0xx_it.o(i.TIM16_IRQHandler)
    i.TIM17_IRQHandler                       0x08002c18   Section        0  stm32f0xx_it.o(i.TIM17_IRQHandler)
    i.TIM1_CC_IRQHandler                     0x08002c2e   Section        0  stm32f0xx_it.o(i.TIM1_CC_IRQHandler)
    i.TIM3_IRQHandler                        0x08002c44   Section        0  stm32f0xx_it.o(i.TIM3_IRQHandler)
    i.TIM_Base_SetConfig                     0x08002c5a   Section        0  stm32f0xx_hal_tim.o(i.TIM_Base_SetConfig)
    i.TIM_CCxChannelCmd                      0x08002cf6   Section        0  stm32f0xx_hal_tim.o(i.TIM_CCxChannelCmd)
    i.TIM_ETR_SetConfig                      0x08002d10   Section        0  stm32f0xx_hal_tim.o(i.TIM_ETR_SetConfig)
    i.TIM_ITRx_SetConfig                     0x08002d26   Section        0  stm32f0xx_hal_tim.o(i.TIM_ITRx_SetConfig)
    TIM_ITRx_SetConfig                       0x08002d27   Thumb Code    16  stm32f0xx_hal_tim.o(i.TIM_ITRx_SetConfig)
    i.TIM_OC1_SetConfig                      0x08002d36   Section        0  stm32f0xx_hal_tim.o(i.TIM_OC1_SetConfig)
    TIM_OC1_SetConfig                        0x08002d37   Thumb Code   148  stm32f0xx_hal_tim.o(i.TIM_OC1_SetConfig)
    i.TIM_OC2_SetConfig                      0x08002dca   Section        0  stm32f0xx_hal_tim.o(i.TIM_OC2_SetConfig)
    i.TIM_OC3_SetConfig                      0x08002e50   Section        0  stm32f0xx_hal_tim.o(i.TIM_OC3_SetConfig)
    TIM_OC3_SetConfig                        0x08002e51   Thumb Code   138  stm32f0xx_hal_tim.o(i.TIM_OC3_SetConfig)
    i.TIM_OC4_SetConfig                      0x08002eda   Section        0  stm32f0xx_hal_tim.o(i.TIM_OC4_SetConfig)
    TIM_OC4_SetConfig                        0x08002edb   Thumb Code   114  stm32f0xx_hal_tim.o(i.TIM_OC4_SetConfig)
    i.TIM_TI1_ConfigInputStage               0x08002f4c   Section        0  stm32f0xx_hal_tim.o(i.TIM_TI1_ConfigInputStage)
    TIM_TI1_ConfigInputStage                 0x08002f4d   Thumb Code    34  stm32f0xx_hal_tim.o(i.TIM_TI1_ConfigInputStage)
    i.TIM_TI2_ConfigInputStage               0x08002f6e   Section        0  stm32f0xx_hal_tim.o(i.TIM_TI2_ConfigInputStage)
    TIM_TI2_ConfigInputStage                 0x08002f6f   Thumb Code    38  stm32f0xx_hal_tim.o(i.TIM_TI2_ConfigInputStage)
    i.__ARM_common_ll_muluu                  0x08002f94   Section        0  stm32f0xx_hal_rcc.o(i.__ARM_common_ll_muluu)
    i.__NVIC_SetPriority                     0x08002fc4   Section        0  stm32f0xx_hal_cortex.o(i.__NVIC_SetPriority)
    __NVIC_SetPriority                       0x08002fc5   Thumb Code    72  stm32f0xx_hal_cortex.o(i.__NVIC_SetPriority)
    i.actualizacion_configuracion_io         0x0800300c   Section        0  funcionalidad.o(i.actualizacion_configuracion_io)
    i.main                                   0x0800334e   Section        0  main.o(i.main)
    i.recepcion_comunicaciones               0x0800349e   Section        0  comunicaciones.o(i.recepcion_comunicaciones)
    i.transmision_comunicaciones             0x0800350c   Section        0  comunicaciones.o(i.transmision_comunicaciones)
    .constdata                               0x08003570   Section       32  stm32f0xx_hal_rcc.o(.constdata)
    aPLLMULFactorTable                       0x08003570   Data          16  stm32f0xx_hal_rcc.o(.constdata)
    aPredivFactorTable                       0x08003580   Data          16  stm32f0xx_hal_rcc.o(.constdata)
    .constdata                               0x08003590   Section       16  system_stm32f0xx.o(.constdata)
    .data                                    0x20000000   Section       19  main.o(.data)
    .data                                    0x20000014   Section       12  stm32f0xx_hal.o(.data)
    .data                                    0x20000020   Section        4  system_stm32f0xx.o(.data)
    .bss                                     0x20000024   Section      544  main.o(.bss)
    .bss                                     0x20000244   Section       96  libspace.o(.bss)
    HEAP                                     0x200002a8   Section      512  startup_stm32f030x6.o(HEAP)
    Heap_Mem                                 0x200002a8   Data         512  startup_stm32f030x6.o(HEAP)
    STACK                                    0x200004a8   Section     1024  startup_stm32f030x6.o(STACK)
    Stack_Mem                                0x200004a8   Data        1024  startup_stm32f030x6.o(STACK)
    __initial_sp                             0x200008a8   Data           0  startup_stm32f030x6.o(STACK)

    Global Symbols

    Symbol Name                              Value     Ov Type        Size  Object(Section)

    BuildAttributes$$THM_ISAv3M$S$PE$A:L22$X:L11$S22$IEEE1$IW$USESV6$~STKCKD$USESV7$~SHL$OSPACE$ROPI$EBA8$UX$STANDARDLIB$REQ8$PRES8$EABIv2 0x00000000   Number         0  anon$$obj.o ABSOLUTE
    __ARM_use_no_argv                        0x00000000   Number         0  main.o ABSOLUTE
    __ARM_exceptions_init                     - Undefined Weak Reference
    __alloca_initialize                       - Undefined Weak Reference
    __arm_fini_                               - Undefined Weak Reference
    __arm_preinit_                            - Undefined Weak Reference
    __cpp_initialize__aeabi_                  - Undefined Weak Reference
    __cxa_finalize                            - Undefined Weak Reference
    __rt_locale                               - Undefined Weak Reference
    __sigvec_lookup                           - Undefined Weak Reference
    _atexit_init                              - Undefined Weak Reference
    _call_atexit_fns                          - Undefined Weak Reference
    _clock_init                               - Undefined Weak Reference
    _fp_trap_init                             - Undefined Weak Reference
    _fp_trap_shutdown                         - Undefined Weak Reference
    _get_lc_collate                           - Undefined Weak Reference
    _get_lc_ctype                             - Undefined Weak Reference
    _get_lc_monetary                          - Undefined Weak Reference
    _get_lc_numeric                           - Undefined Weak Reference
    _get_lc_time                              - Undefined Weak Reference
    _getenv_init                              - Undefined Weak Reference
    _handle_redirection                       - Undefined Weak Reference
    _init_alloc                               - Undefined Weak Reference
    _init_user_alloc                          - Undefined Weak Reference
    _initio                                   - Undefined Weak Reference
    _rand_init                                - Undefined Weak Reference
    _signal_finish                            - Undefined Weak Reference
    _signal_init                              - Undefined Weak Reference
    _terminate_alloc                          - Undefined Weak Reference
    _terminate_user_alloc                     - Undefined Weak Reference
    _terminateio                              - Undefined Weak Reference
    __Vectors_Size                           0x000000b0   Number         0  startup_stm32f030x6.o ABSOLUTE
    __Vectors                                0x08000000   Data           4  startup_stm32f030x6.o(RESET)
    __Vectors_End                            0x080000b0   Data           0  startup_stm32f030x6.o(RESET)
    __main                                   0x080000b1   Thumb Code     8  __main.o(!!!main)
    __scatterload                            0x080000b9   Thumb Code     0  __scatter.o(!!!scatter)
    __scatterload_rt2                        0x080000b9   Thumb Code    52  __scatter.o(!!!scatter)
    __scatterload_rt2_thumb_only             0x080000b9   Thumb Code     0  __scatter.o(!!!scatter)
    __scatterload_null                       0x080000c9   Thumb Code     0  __scatter.o(!!!scatter)
    __scatterload_copy                       0x080000f5   Thumb Code    26  __scatter_copy.o(!!handler_copy)
    __scatterload_zeroinit                   0x08000111   Thumb Code    28  __scatter_zi.o(!!handler_zi)
    __rt_lib_init                            0x0800012d   Thumb Code     0  libinit.o(.ARM.Collect$$libinit$$00000000)
    __rt_lib_init_alloca_1                   0x0800012f   Thumb Code     0  libinit2.o(.ARM.Collect$$libinit$$0000002E)
    __rt_lib_init_argv_1                     0x0800012f   Thumb Code     0  libinit2.o(.ARM.Collect$$libinit$$0000002C)
    __rt_lib_init_atexit_1                   0x0800012f   Thumb Code     0  libinit2.o(.ARM.Collect$$libinit$$0000001B)
    __rt_lib_init_clock_1                    0x0800012f   Thumb Code     0  libinit2.o(.ARM.Collect$$libinit$$00000021)
    __rt_lib_init_cpp_1                      0x0800012f   Thumb Code     0  libinit2.o(.ARM.Collect$$libinit$$00000032)
    __rt_lib_init_exceptions_1               0x0800012f   Thumb Code     0  libinit2.o(.ARM.Collect$$libinit$$00000030)
    __rt_lib_init_fp_1                       0x0800012f   Thumb Code     0  libinit2.o(.ARM.Collect$$libinit$$00000002)
    __rt_lib_init_fp_trap_1                  0x0800012f   Thumb Code     0  libinit2.o(.ARM.Collect$$libinit$$0000001F)
    __rt_lib_init_getenv_1                   0x0800012f   Thumb Code     0  libinit2.o(.ARM.Collect$$libinit$$00000023)
    __rt_lib_init_heap_1                     0x0800012f   Thumb Code     0  libinit2.o(.ARM.Collect$$libinit$$0000000A)
    __rt_lib_init_lc_collate_1               0x0800012f   Thumb Code     0  libinit2.o(.ARM.Collect$$libinit$$00000011)
    __rt_lib_init_lc_ctype_1                 0x0800012f   Thumb Code     0  libinit2.o(.ARM.Collect$$libinit$$00000013)
    __rt_lib_init_lc_monetary_1              0x0800012f   Thumb Code     0  libinit2.o(.ARM.Collect$$libinit$$00000015)
    __rt_lib_init_lc_numeric_1               0x0800012f   Thumb Code     0  libinit2.o(.ARM.Collect$$libinit$$00000017)
    __rt_lib_init_lc_time_1                  0x0800012f   Thumb Code     0  libinit2.o(.ARM.Collect$$libinit$$00000019)
    __rt_lib_init_preinit_1                  0x0800012f   Thumb Code     0  libinit2.o(.ARM.Collect$$libinit$$00000004)
    __rt_lib_init_rand_1                     0x0800012f   Thumb Code     0  libinit2.o(.ARM.Collect$$libinit$$0000000E)
    __rt_lib_init_return                     0x0800012f   Thumb Code     0  libinit2.o(.ARM.Collect$$libinit$$00000033)
    __rt_lib_init_signal_1                   0x0800012f   Thumb Code     0  libinit2.o(.ARM.Collect$$libinit$$0000001D)
    __rt_lib_init_stdio_1                    0x0800012f   Thumb Code     0  libinit2.o(.ARM.Collect$$libinit$$00000025)
    __rt_lib_init_user_alloc_1               0x0800012f   Thumb Code     0  libinit2.o(.ARM.Collect$$libinit$$0000000C)
    __rt_lib_shutdown                        0x08000131   Thumb Code     0  libshutdown.o(.ARM.Collect$$libshutdown$$00000000)
    __rt_lib_shutdown_cpp_1                  0x08000133   Thumb Code     0  libshutdown2.o(.ARM.Collect$$libshutdown$$00000004)
    __rt_lib_shutdown_fini_1                 0x08000133   Thumb Code     0  libshutdown2.o(.ARM.Collect$$libshutdown$$00000002)
    __rt_lib_shutdown_fp_trap_1              0x08000133   Thumb Code     0  libshutdown2.o(.ARM.Collect$$libshutdown$$00000009)
    __rt_lib_shutdown_heap_1                 0x08000133   Thumb Code     0  libshutdown2.o(.ARM.Collect$$libshutdown$$00000011)
    __rt_lib_shutdown_return                 0x08000133   Thumb Code     0  libshutdown2.o(.ARM.Collect$$libshutdown$$00000012)
    __rt_lib_shutdown_signal_1               0x08000133   Thumb Code     0  libshutdown2.o(.ARM.Collect$$libshutdown$$0000000C)
    __rt_lib_shutdown_stdio_1                0x08000133   Thumb Code     0  libshutdown2.o(.ARM.Collect$$libshutdown$$00000006)
    __rt_lib_shutdown_user_alloc_1           0x08000133   Thumb Code     0  libshutdown2.o(.ARM.Collect$$libshutdown$$0000000E)
    __rt_entry                               0x08000135   Thumb Code     0  __rtentry.o(.ARM.Collect$$rtentry$$00000000)
    __rt_entry_presh_1                       0x08000135   Thumb Code     0  __rtentry2.o(.ARM.Collect$$rtentry$$00000002)
    __rt_entry_sh                            0x08000135   Thumb Code     0  __rtentry4.o(.ARM.Collect$$rtentry$$00000004)
    __rt_entry_li                            0x0800013b   Thumb Code     0  __rtentry2.o(.ARM.Collect$$rtentry$$0000000A)
    __rt_entry_postsh_1                      0x0800013b   Thumb Code     0  __rtentry2.o(.ARM.Collect$$rtentry$$00000009)
    __rt_entry_main                          0x0800013f   Thumb Code     0  __rtentry2.o(.ARM.Collect$$rtentry$$0000000D)
    __rt_entry_postli_1                      0x0800013f   Thumb Code     0  __rtentry2.o(.ARM.Collect$$rtentry$$0000000C)
    __rt_exit                                0x08000147   Thumb Code     0  rtexit.o(.ARM.Collect$$rtexit$$00000000)
    __rt_exit_ls                             0x08000149   Thumb Code     0  rtexit2.o(.ARM.Collect$$rtexit$$00000003)
    __rt_exit_prels_1                        0x08000149   Thumb Code     0  rtexit2.o(.ARM.Collect$$rtexit$$00000002)
    __rt_exit_exit                           0x0800014d   Thumb Code     0  rtexit2.o(.ARM.Collect$$rtexit$$00000004)
    Reset_Handler                            0x08000155   Thumb Code     8  startup_stm32f030x6.o(.text)
    ADC1_IRQHandler                          0x08000167   Thumb Code     0  startup_stm32f030x6.o(.text)
    DMA1_Channel1_IRQHandler                 0x08000167   Thumb Code     0  startup_stm32f030x6.o(.text)
    DMA1_Channel2_3_IRQHandler               0x08000167   Thumb Code     0  startup_stm32f030x6.o(.text)
    DMA1_Channel4_5_IRQHandler               0x08000167   Thumb Code     0  startup_stm32f030x6.o(.text)
    EXTI0_1_IRQHandler                       0x08000167   Thumb Code     0  startup_stm32f030x6.o(.text)
    EXTI2_3_IRQHandler                       0x08000167   Thumb Code     0  startup_stm32f030x6.o(.text)
    EXTI4_15_IRQHandler                      0x08000167   Thumb Code     0  startup_stm32f030x6.o(.text)
    FLASH_IRQHandler                         0x08000167   Thumb Code     0  startup_stm32f030x6.o(.text)
    RCC_IRQHandler                           0x08000167   Thumb Code     0  startup_stm32f030x6.o(.text)
    RTC_IRQHandler                           0x08000167   Thumb Code     0  startup_stm32f030x6.o(.text)
    SPI1_IRQHandler                          0x08000167   Thumb Code     0  startup_stm32f030x6.o(.text)
    TIM1_BRK_UP_TRG_COM_IRQHandler           0x08000167   Thumb Code     0  startup_stm32f030x6.o(.text)
    USART1_IRQHandler                        0x08000167   Thumb Code     0  startup_stm32f030x6.o(.text)
    WWDG_IRQHandler                          0x08000167   Thumb Code     0  startup_stm32f030x6.o(.text)
    __user_initial_stackheap                 0x08000169   Thumb Code     0  startup_stm32f030x6.o(.text)
    __aeabi_uldivmod                         0x0800018d   Thumb Code   258  lludiv.o(.text)
    _ll_udiv                                 0x0800018d   Thumb Code     0  lludiv.o(.text)
    _memset_w                                0x0800028f   Thumb Code    26  rt_memclr.o(.text)
    _memset                                  0x080002a9   Thumb Code    30  rt_memclr.o(.text)
    __aeabi_memclr                           0x080002c7   Thumb Code     4  rt_memclr.o(.text)
    __rt_memclr                              0x080002c7   Thumb Code     0  rt_memclr.o(.text)
    __aeabi_memclr4                          0x080002cb   Thumb Code     0  rt_memclr.o(.text)
    __aeabi_memclr8                          0x080002cb   Thumb Code     0  rt_memclr.o(.text)
    __rt_memclr_w                            0x080002cb   Thumb Code     4  rt_memclr.o(.text)
    __aeabi_uidiv                            0x080002cf   Thumb Code     0  aeabi_sdiv.o(.text)
    __aeabi_uidivmod                         0x080002cf   Thumb Code    20  aeabi_sdiv.o(.text)
    __aeabi_idiv                             0x080002e3   Thumb Code     0  aeabi_sdiv.o(.text)
    __aeabi_idivmod                          0x080002e3   Thumb Code   326  aeabi_sdiv.o(.text)
    __use_two_region_memory                  0x08000429   Thumb Code     2  heapauxi.o(.text)
    __rt_heap_escrow$2region                 0x0800042b   Thumb Code     2  heapauxi.o(.text)
    __rt_heap_expand$2region                 0x0800042d   Thumb Code     2  heapauxi.o(.text)
    __user_setup_stackheap                   0x0800042f   Thumb Code    62  sys_stackheap_outer.o(.text)
    exit                                     0x0800046d   Thumb Code    16  exit.o(.text)
    __user_libspace                          0x0800047d   Thumb Code     8  libspace.o(.text)
    __user_perproc_libspace                  0x0800047d   Thumb Code     0  libspace.o(.text)
    __user_perthread_libspace                0x0800047d   Thumb Code     0  libspace.o(.text)
    _sys_exit                                0x08000485   Thumb Code     8  sys_exit.o(.text)
    __I$use$semihosting                      0x08000491   Thumb Code     0  use_no_semi.o(.text)
    __use_no_semihosting_swi                 0x08000491   Thumb Code     2  use_no_semi.o(.text)
    Error_Handler                            0x08000493   Thumb Code     4  main.o(i.Error_Handler)
    __semihosting_library_function           0x08000493   Thumb Code     0  indicate_semi.o(.text)
    HAL_ADC_ConfigChannel                    0x08000497   Thumb Code   300  stm32f0xx_hal_adc.o(i.HAL_ADC_ConfigChannel)
    HAL_ADC_Init                             0x080005c3   Thumb Code   382  stm32f0xx_hal_adc.o(i.HAL_ADC_Init)
    HAL_ADC_MspInit                          0x08000741   Thumb Code   130  stm32f0xx_hal_msp.o(i.HAL_ADC_MspInit)
    HAL_DMA_Abort_IT                         0x080007c3   Thumb Code    72  stm32f0xx_hal_dma.o(i.HAL_DMA_Abort_IT)
    HAL_DMA_GetState                         0x0800080b   Thumb Code     6  stm32f0xx_hal_dma.o(i.HAL_DMA_GetState)
    HAL_GPIO_Init                            0x08000811   Thumb Code   482  stm32f0xx_hal_gpio.o(i.HAL_GPIO_Init)
    HAL_GPIO_WritePin                        0x080009f3   Thumb Code    12  stm32f0xx_hal_gpio.o(i.HAL_GPIO_WritePin)
    HAL_GetTick                              0x080009ff   Thumb Code    18  stm32f0xx_hal.o(i.HAL_GetTick)
    HAL_I2CEx_ConfigAnalogFilter             0x08000a11   Thumb Code    74  stm32f0xx_hal_i2c_ex.o(i.HAL_I2CEx_ConfigAnalogFilter)
    HAL_I2C_AbortCpltCallback                0x08000a5b   Thumb Code     2  stm32f0xx_hal_i2c.o(i.HAL_I2C_AbortCpltCallback)
    HAL_I2C_AddrCallback                     0x08000a5d   Thumb Code    24  main.o(i.HAL_I2C_AddrCallback)
    HAL_I2C_ER_IRQHandler                    0x08000a75   Thumb Code    94  stm32f0xx_hal_i2c.o(i.HAL_I2C_ER_IRQHandler)
    HAL_I2C_EV_IRQHandler                    0x08000ad3   Thumb Code    16  stm32f0xx_hal_i2c.o(i.HAL_I2C_EV_IRQHandler)
    HAL_I2C_EnableListen_IT                  0x08000ae3   Thumb Code    48  stm32f0xx_hal_i2c.o(i.HAL_I2C_EnableListen_IT)
    HAL_I2C_ErrorCallback                    0x08000b13   Thumb Code     2  stm32f0xx_hal_i2c.o(i.HAL_I2C_ErrorCallback)
    HAL_I2C_Init                             0x08000b15   Thumb Code   194  stm32f0xx_hal_i2c.o(i.HAL_I2C_Init)
    HAL_I2C_ListenCpltCallback               0x08000bd7   Thumb Code     2  stm32f0xx_hal_i2c.o(i.HAL_I2C_ListenCpltCallback)
    HAL_I2C_MasterRxCpltCallback             0x08000bd9   Thumb Code     2  stm32f0xx_hal_i2c.o(i.HAL_I2C_MasterRxCpltCallback)
    HAL_I2C_MasterTxCpltCallback             0x08000bdb   Thumb Code     2  stm32f0xx_hal_i2c.o(i.HAL_I2C_MasterTxCpltCallback)
    HAL_I2C_MemRxCpltCallback                0x08000bdd   Thumb Code     2  stm32f0xx_hal_i2c.o(i.HAL_I2C_MemRxCpltCallback)
    HAL_I2C_MemTxCpltCallback                0x08000bdf   Thumb Code     2  stm32f0xx_hal_i2c.o(i.HAL_I2C_MemTxCpltCallback)
    HAL_I2C_MspInit                          0x08000be1   Thumb Code   110  stm32f0xx_hal_msp.o(i.HAL_I2C_MspInit)
    HAL_I2C_SlaveRxCpltCallback              0x08000c4f   Thumb Code     2  stm32f0xx_hal_i2c.o(i.HAL_I2C_SlaveRxCpltCallback)
    HAL_I2C_SlaveTxCpltCallback              0x08000c51   Thumb Code     2  stm32f0xx_hal_i2c.o(i.HAL_I2C_SlaveTxCpltCallback)
    HAL_IncTick                              0x08000c53   Thumb Code    24  stm32f0xx_hal.o(i.HAL_IncTick)
    HAL_Init                                 0x08000c6b   Thumb Code    36  stm32f0xx_hal.o(i.HAL_Init)
    HAL_InitTick                             0x08000c8f   Thumb Code    82  stm32f0xx_hal.o(i.HAL_InitTick)
    HAL_MspInit                              0x08000ce1   Thumb Code    44  stm32f0xx_hal_msp.o(i.HAL_MspInit)
    HAL_NVIC_EnableIRQ                       0x08000d0d   Thumb Code    24  stm32f0xx_hal_cortex.o(i.HAL_NVIC_EnableIRQ)
    HAL_NVIC_SetPriority                     0x08000d25   Thumb Code     8  stm32f0xx_hal_cortex.o(i.HAL_NVIC_SetPriority)
    HAL_RCCEx_PeriphCLKConfig                0x08000d2d   Thumb Code   246  stm32f0xx_hal_rcc_ex.o(i.HAL_RCCEx_PeriphCLKConfig)
    HAL_RCC_ClockConfig                      0x08000e23   Thumb Code   294  stm32f0xx_hal_rcc.o(i.HAL_RCC_ClockConfig)
    HAL_RCC_GetSysClockFreq                  0x08000f49   Thumb Code   112  stm32f0xx_hal_rcc.o(i.HAL_RCC_GetSysClockFreq)
    HAL_RCC_OscConfig                        0x08000fb9   Thumb Code   930  stm32f0xx_hal_rcc.o(i.HAL_RCC_OscConfig)
    HAL_SYSTICK_Config                       0x0800135b   Thumb Code    48  stm32f0xx_hal_cortex.o(i.HAL_SYSTICK_Config)
    HAL_TIMEx_BreakCallback                  0x0800138b   Thumb Code     2  stm32f0xx_hal_tim_ex.o(i.HAL_TIMEx_BreakCallback)
    HAL_TIMEx_CommutCallback                 0x0800138d   Thumb Code     2  stm32f0xx_hal_tim_ex.o(i.HAL_TIMEx_CommutCallback)
    HAL_TIMEx_ConfigBreakDeadTime            0x0800138f   Thumb Code    94  stm32f0xx_hal_tim_ex.o(i.HAL_TIMEx_ConfigBreakDeadTime)
    HAL_TIMEx_MasterConfigSynchronization    0x080013ed   Thumb Code    88  stm32f0xx_hal_tim_ex.o(i.HAL_TIMEx_MasterConfigSynchronization)
    HAL_TIM_Base_Init                        0x08001445   Thumb Code    72  stm32f0xx_hal_tim.o(i.HAL_TIM_Base_Init)
    HAL_TIM_Base_MspInit                     0x0800148d   Thumb Code   236  stm32f0xx_hal_msp.o(i.HAL_TIM_Base_MspInit)
    HAL_TIM_Base_Start_IT                    0x08001579   Thumb Code    78  stm32f0xx_hal_tim.o(i.HAL_TIM_Base_Start_IT)
    HAL_TIM_ConfigClockSource                0x080015c7   Thumb Code   220  stm32f0xx_hal_tim.o(i.HAL_TIM_ConfigClockSource)
    HAL_TIM_IC_CaptureCallback               0x080016a3   Thumb Code     2  stm32f0xx_hal_tim.o(i.HAL_TIM_IC_CaptureCallback)
    HAL_TIM_IRQHandler                       0x080016a5   Thumb Code   296  stm32f0xx_hal_tim.o(i.HAL_TIM_IRQHandler)
    HAL_TIM_MspPostInit                      0x080017cd   Thumb Code   132  stm32f0xx_hal_msp.o(i.HAL_TIM_MspPostInit)
    HAL_TIM_OC_ConfigChannel                 0x08001851   Thumb Code    80  stm32f0xx_hal_tim.o(i.HAL_TIM_OC_ConfigChannel)
    HAL_TIM_OC_DelayElapsedCallback          0x080018a1   Thumb Code     2  stm32f0xx_hal_tim.o(i.HAL_TIM_OC_DelayElapsedCallback)
    HAL_TIM_OC_Init                          0x080018a3   Thumb Code    72  stm32f0xx_hal_tim.o(i.HAL_TIM_OC_Init)
    HAL_TIM_OC_MspInit                       0x080018eb   Thumb Code     2  stm32f0xx_hal_tim.o(i.HAL_TIM_OC_MspInit)
    HAL_TIM_PWM_ConfigChannel                0x080018ed   Thumb Code   208  stm32f0xx_hal_tim.o(i.HAL_TIM_PWM_ConfigChannel)
    HAL_TIM_PWM_Init                         0x080019bd   Thumb Code    72  stm32f0xx_hal_tim.o(i.HAL_TIM_PWM_Init)
    HAL_TIM_PWM_MspInit                      0x08001a05   Thumb Code     2  stm32f0xx_hal_tim.o(i.HAL_TIM_PWM_MspInit)
    HAL_TIM_PWM_PulseFinishedCallback        0x08001a07   Thumb Code     2  stm32f0xx_hal_tim.o(i.HAL_TIM_PWM_PulseFinishedCallback)
    HAL_TIM_PWM_Start                        0x08001a09   Thumb Code   174  stm32f0xx_hal_tim.o(i.HAL_TIM_PWM_Start)
    HAL_TIM_PWM_Stop                         0x08001ab7   Thumb Code   154  stm32f0xx_hal_tim.o(i.HAL_TIM_PWM_Stop)
    HAL_TIM_PeriodElapsedCallback            0x08001b51   Thumb Code     2  stm32f0xx_hal_tim.o(i.HAL_TIM_PeriodElapsedCallback)
    HAL_TIM_TriggerCallback                  0x08001b53   Thumb Code     2  stm32f0xx_hal_tim.o(i.HAL_TIM_TriggerCallback)
    HardFault_Handler                        0x08001b55   Thumb Code     2  stm32f0xx_it.o(i.HardFault_Handler)
    I2C1_IRQHandler                          0x08001b57   Thumb Code    66  stm32f0xx_it.o(i.I2C1_IRQHandler)
    MX_ADC_Init                              0x0800271b   Thumb Code   238  configuracion.o(i.MX_ADC_Init)
    MX_GPIO_Init                             0x08002809   Thumb Code   154  configuracion.o(i.MX_GPIO_Init)
    MX_I2C1_Init                             0x080028a3   Thumb Code    88  configuracion.o(i.MX_I2C1_Init)
    MX_TIM14_Init                            0x080028fb   Thumb Code    46  configuracion.o(i.MX_TIM14_Init)
    MX_TIM16_Init                            0x08002929   Thumb Code    50  configuracion.o(i.MX_TIM16_Init)
    MX_TIM17_Init                            0x0800295b   Thumb Code    50  configuracion.o(i.MX_TIM17_Init)
    MX_TIM1_Init                             0x0800298d   Thumb Code   284  configuracion.o(i.MX_TIM1_Init)
    MX_TIM3_Init                             0x08002aa9   Thumb Code   178  configuracion.o(i.MX_TIM3_Init)
    NMI_Handler                              0x08002b5b   Thumb Code     2  stm32f0xx_it.o(i.NMI_Handler)
    PendSV_Handler                           0x08002b5d   Thumb Code     2  stm32f0xx_it.o(i.PendSV_Handler)
    SVC_Handler                              0x08002b5f   Thumb Code     2  stm32f0xx_it.o(i.SVC_Handler)
    SysTick_Handler                          0x08002b61   Thumb Code     8  stm32f0xx_it.o(i.SysTick_Handler)
    SystemClock_Config                       0x08002b69   Thumb Code   112  configuracion.o(i.SystemClock_Config)
    SystemInit                               0x08002bd9   Thumb Code     2  system_stm32f0xx.o(i.SystemInit)
    TIM14_IRQHandler                         0x08002bdb   Thumb Code    40  stm32f0xx_it.o(i.TIM14_IRQHandler)
    TIM16_IRQHandler                         0x08002c03   Thumb Code    22  stm32f0xx_it.o(i.TIM16_IRQHandler)
    TIM17_IRQHandler                         0x08002c19   Thumb Code    22  stm32f0xx_it.o(i.TIM17_IRQHandler)
    TIM1_CC_IRQHandler                       0x08002c2f   Thumb Code    22  stm32f0xx_it.o(i.TIM1_CC_IRQHandler)
    TIM3_IRQHandler                          0x08002c45   Thumb Code    22  stm32f0xx_it.o(i.TIM3_IRQHandler)
    TIM_Base_SetConfig                       0x08002c5b   Thumb Code   156  stm32f0xx_hal_tim.o(i.TIM_Base_SetConfig)
    TIM_CCxChannelCmd                        0x08002cf7   Thumb Code    26  stm32f0xx_hal_tim.o(i.TIM_CCxChannelCmd)
    TIM_ETR_SetConfig                        0x08002d11   Thumb Code    22  stm32f0xx_hal_tim.o(i.TIM_ETR_SetConfig)
    TIM_OC2_SetConfig                        0x08002dcb   Thumb Code   134  stm32f0xx_hal_tim.o(i.TIM_OC2_SetConfig)
    __ARM_common_ll_muluu                    0x08002f95   Thumb Code    48  stm32f0xx_hal_rcc.o(i.__ARM_common_ll_muluu)
    actualizacion_configuracion_io           0x0800300d   Thumb Code   834  funcionalidad.o(i.actualizacion_configuracion_io)
    main                                     0x0800334f   Thumb Code   336  main.o(i.main)
    recepcion_comunicaciones                 0x0800349f   Thumb Code   110  comunicaciones.o(i.recepcion_comunicaciones)
    transmision_comunicaciones               0x0800350d   Thumb Code   100  comunicaciones.o(i.transmision_comunicaciones)
    AHBPrescTable                            0x08003590   Data          16  system_stm32f0xx.o(.constdata)
    Region$$Table$$Base                      0x080035a0   Number         0  anon$$obj.o(Region$$Table)
    Region$$Table$$Limit                     0x080035c0   Number         0  anon$$obj.o(Region$$Table)
    _timer_14_interrupt_done                 0x20000000   Data           1  main.o(.data)
    _recepcion_pendiente                     0x20000001   Data           1  main.o(.data)
    _transmision_pendiente                   0x20000002   Data           1  main.o(.data)
    _cuenta_turno                            0x20000003   Data           1  main.o(.data)
    aux                                      0x20000004   Data           1  main.o(.data)
    _respuesta_transm                        0x20000005   Data           2  main.o(.data)
    _buffer_rx                               0x20000007   Data           6  main.o(.data)
    _buffer_tx                               0x2000000d   Data           6  main.o(.data)
    uwTickFreq                               0x20000014   Data           1  stm32f0xx_hal.o(.data)
    uwTickPrio                               0x20000018   Data           4  stm32f0xx_hal.o(.data)
    uwTick                                   0x2000001c   Data           4  stm32f0xx_hal.o(.data)
    SystemCoreClock                          0x20000020   Data           4  system_stm32f0xx.o(.data)
    hadc                                     0x20000024   Data          64  main.o(.bss)
    hi2c1                                    0x20000064   Data          84  main.o(.bss)
    htim1                                    0x200000b8   Data          72  main.o(.bss)
    htim3                                    0x20000100   Data          72  main.o(.bss)
    htim14                                   0x20000148   Data          72  main.o(.bss)
    htim16                                   0x20000190   Data          72  main.o(.bss)
    htim17                                   0x200001d8   Data          72  main.o(.bss)
    _matriz_io                               0x20000220   Data          36  main.o(.bss)
    __libspace_start                         0x20000244   Data          96  libspace.o(.bss)
    __temporary_stack_top$libspace           0x200002a4   Data           0  libspace.o(.bss)



==============================================================================

Memory Map of the image

  Image Entry point : 0x080000b1

  Load Region LR_IROM1 (Base: 0x08000000, Size: 0x000035e4, Max: 0x00008000, ABSOLUTE)

    Execution Region ER_IROM1 (Exec base: 0x08000000, Load base: 0x08000000, Size: 0x000035c0, Max: 0x00008000, ABSOLUTE)

    Exec Addr    Load Addr    Size         Type   Attr      Idx    E Section Name        Object

    0x08000000   0x08000000   0x000000b0   Data   RO            3    RESET               startup_stm32f030x6.o
    0x080000b0   0x080000b0   0x00000008   Code   RO         3070  * !!!main             c_p.l(__main.o)
    0x080000b8   0x080000b8   0x0000003c   Code   RO         3261    !!!scatter          c_p.l(__scatter.o)
    0x080000f4   0x080000f4   0x0000001a   Code   RO         3263    !!handler_copy      c_p.l(__scatter_copy.o)
    0x0800010e   0x0800010e   0x00000002   PAD
    0x08000110   0x08000110   0x0000001c   Code   RO         3265    !!handler_zi        c_p.l(__scatter_zi.o)
    0x0800012c   0x0800012c   0x00000002   Code   RO         3128    .ARM.Collect$$libinit$$00000000  c_p.l(libinit.o)
    0x0800012e   0x0800012e   0x00000000   Code   RO         3142    .ARM.Collect$$libinit$$00000002  c_p.l(libinit2.o)
    0x0800012e   0x0800012e   0x00000000   Code   RO         3144    .ARM.Collect$$libinit$$00000004  c_p.l(libinit2.o)
    0x0800012e   0x0800012e   0x00000000   Code   RO         3147    .ARM.Collect$$libinit$$0000000A  c_p.l(libinit2.o)
    0x0800012e   0x0800012e   0x00000000   Code   RO         3149    .ARM.Collect$$libinit$$0000000C  c_p.l(libinit2.o)
    0x0800012e   0x0800012e   0x00000000   Code   RO         3151    .ARM.Collect$$libinit$$0000000E  c_p.l(libinit2.o)
    0x0800012e   0x0800012e   0x00000000   Code   RO         3154    .ARM.Collect$$libinit$$00000011  c_p.l(libinit2.o)
    0x0800012e   0x0800012e   0x00000000   Code   RO         3156    .ARM.Collect$$libinit$$00000013  c_p.l(libinit2.o)
    0x0800012e   0x0800012e   0x00000000   Code   RO         3158    .ARM.Collect$$libinit$$00000015  c_p.l(libinit2.o)
    0x0800012e   0x0800012e   0x00000000   Code   RO         3160    .ARM.Collect$$libinit$$00000017  c_p.l(libinit2.o)
    0x0800012e   0x0800012e   0x00000000   Code   RO         3162    .ARM.Collect$$libinit$$00000019  c_p.l(libinit2.o)
    0x0800012e   0x0800012e   0x00000000   Code   RO         3164    .ARM.Collect$$libinit$$0000001B  c_p.l(libinit2.o)
    0x0800012e   0x0800012e   0x00000000   Code   RO         3166    .ARM.Collect$$libinit$$0000001D  c_p.l(libinit2.o)
    0x0800012e   0x0800012e   0x00000000   Code   RO         3168    .ARM.Collect$$libinit$$0000001F  c_p.l(libinit2.o)
    0x0800012e   0x0800012e   0x00000000   Code   RO         3170    .ARM.Collect$$libinit$$00000021  c_p.l(libinit2.o)
    0x0800012e   0x0800012e   0x00000000   Code   RO         3172    .ARM.Collect$$libinit$$00000023  c_p.l(libinit2.o)
    0x0800012e   0x0800012e   0x00000000   Code   RO         3174    .ARM.Collect$$libinit$$00000025  c_p.l(libinit2.o)
    0x0800012e   0x0800012e   0x00000000   Code   RO         3178    .ARM.Collect$$libinit$$0000002C  c_p.l(libinit2.o)
    0x0800012e   0x0800012e   0x00000000   Code   RO         3180    .ARM.Collect$$libinit$$0000002E  c_p.l(libinit2.o)
    0x0800012e   0x0800012e   0x00000000   Code   RO         3182    .ARM.Collect$$libinit$$00000030  c_p.l(libinit2.o)
    0x0800012e   0x0800012e   0x00000000   Code   RO         3184    .ARM.Collect$$libinit$$00000032  c_p.l(libinit2.o)
    0x0800012e   0x0800012e   0x00000002   Code   RO         3185    .ARM.Collect$$libinit$$00000033  c_p.l(libinit2.o)
    0x08000130   0x08000130   0x00000002   Code   RO         3216    .ARM.Collect$$libshutdown$$00000000  c_p.l(libshutdown.o)
    0x08000132   0x08000132   0x00000000   Code   RO         3242    .ARM.Collect$$libshutdown$$00000002  c_p.l(libshutdown2.o)
    0x08000132   0x08000132   0x00000000   Code   RO         3244    .ARM.Collect$$libshutdown$$00000004  c_p.l(libshutdown2.o)
    0x08000132   0x08000132   0x00000000   Code   RO         3246    .ARM.Collect$$libshutdown$$00000006  c_p.l(libshutdown2.o)
    0x08000132   0x08000132   0x00000000   Code   RO         3249    .ARM.Collect$$libshutdown$$00000009  c_p.l(libshutdown2.o)
    0x08000132   0x08000132   0x00000000   Code   RO         3252    .ARM.Collect$$libshutdown$$0000000C  c_p.l(libshutdown2.o)
    0x08000132   0x08000132   0x00000000   Code   RO         3254    .ARM.Collect$$libshutdown$$0000000E  c_p.l(libshutdown2.o)
    0x08000132   0x08000132   0x00000000   Code   RO         3257    .ARM.Collect$$libshutdown$$00000011  c_p.l(libshutdown2.o)
    0x08000132   0x08000132   0x00000002   Code   RO         3258    .ARM.Collect$$libshutdown$$00000012  c_p.l(libshutdown2.o)
    0x08000134   0x08000134   0x00000000   Code   RO         3087    .ARM.Collect$$rtentry$$00000000  c_p.l(__rtentry.o)
    0x08000134   0x08000134   0x00000000   Code   RO         3098    .ARM.Collect$$rtentry$$00000002  c_p.l(__rtentry2.o)
    0x08000134   0x08000134   0x00000006   Code   RO         3110    .ARM.Collect$$rtentry$$00000004  c_p.l(__rtentry4.o)
    0x0800013a   0x0800013a   0x00000000   Code   RO         3100    .ARM.Collect$$rtentry$$00000009  c_p.l(__rtentry2.o)
    0x0800013a   0x0800013a   0x00000004   Code   RO         3101    .ARM.Collect$$rtentry$$0000000A  c_p.l(__rtentry2.o)
    0x0800013e   0x0800013e   0x00000000   Code   RO         3103    .ARM.Collect$$rtentry$$0000000C  c_p.l(__rtentry2.o)
    0x0800013e   0x0800013e   0x00000008   Code   RO         3104    .ARM.Collect$$rtentry$$0000000D  c_p.l(__rtentry2.o)
    0x08000146   0x08000146   0x00000002   Code   RO         3133    .ARM.Collect$$rtexit$$00000000  c_p.l(rtexit.o)
    0x08000148   0x08000148   0x00000000   Code   RO         3189    .ARM.Collect$$rtexit$$00000002  c_p.l(rtexit2.o)
    0x08000148   0x08000148   0x00000004   Code   RO         3190    .ARM.Collect$$rtexit$$00000003  c_p.l(rtexit2.o)
    0x0800014c   0x0800014c   0x00000006   Code   RO         3191    .ARM.Collect$$rtexit$$00000004  c_p.l(rtexit2.o)
    0x08000152   0x08000152   0x00000002   PAD
    0x08000154   0x08000154   0x00000038   Code   RO            4    .text               startup_stm32f030x6.o
    0x0800018c   0x0800018c   0x00000102   Code   RO         3060    .text               c_p.l(lludiv.o)
    0x0800028e   0x0800028e   0x00000040   Code   RO         3062    .text               c_p.l(rt_memclr.o)
    0x080002ce   0x080002ce   0x0000015a   Code   RO         3064    .text               c_p.l(aeabi_sdiv.o)
    0x08000428   0x08000428   0x00000006   Code   RO         3068    .text               c_p.l(heapauxi.o)
    0x0800042e   0x0800042e   0x0000003e   Code   RO         3114    .text               c_p.l(sys_stackheap_outer.o)
    0x0800046c   0x0800046c   0x00000010   Code   RO         3117    .text               c_p.l(exit.o)
    0x0800047c   0x0800047c   0x00000008   Code   RO         3129    .text               c_p.l(libspace.o)
    0x08000484   0x08000484   0x0000000c   Code   RO         3186    .text               c_p.l(sys_exit.o)
    0x08000490   0x08000490   0x00000002   Code   RO         3205    .text               c_p.l(use_no_semi.o)
    0x08000492   0x08000492   0x00000000   Code   RO         3207    .text               c_p.l(indicate_semi.o)
    0x08000492   0x08000492   0x00000004   Code   RO           12    i.Error_Handler     main.o
    0x08000496   0x08000496   0x0000012c   Code   RO          487    i.HAL_ADC_ConfigChannel  stm32f0xx_hal_adc.o
    0x080005c2   0x080005c2   0x0000017e   Code   RO          496    i.HAL_ADC_Init      stm32f0xx_hal_adc.o
    0x08000740   0x08000740   0x00000082   Code   RO          241    i.HAL_ADC_MspInit   stm32f0xx_hal_msp.o
    0x080007c2   0x080007c2   0x00000048   Code   RO         1532    i.HAL_DMA_Abort_IT  stm32f0xx_hal_dma.o
    0x0800080a   0x0800080a   0x00000006   Code   RO         1535    i.HAL_DMA_GetState  stm32f0xx_hal_dma.o
    0x08000810   0x08000810   0x000001e2   Code   RO         1470    i.HAL_GPIO_Init     stm32f0xx_hal_gpio.o
    0x080009f2   0x080009f2   0x0000000c   Code   RO         1474    i.HAL_GPIO_WritePin  stm32f0xx_hal_gpio.o
    0x080009fe   0x080009fe   0x00000012   Code   RO          812    i.HAL_GetTick       stm32f0xx_hal.o
    0x08000a10   0x08000a10   0x0000004a   Code   RO         1429    i.HAL_I2CEx_ConfigAnalogFilter  stm32f0xx_hal_i2c_ex.o
    0x08000a5a   0x08000a5a   0x00000002   Code   RO          961    i.HAL_I2C_AbortCpltCallback  stm32f0xx_hal_i2c.o
    0x08000a5c   0x08000a5c   0x00000018   Code   RO           13    i.HAL_I2C_AddrCallback  main.o
    0x08000a74   0x08000a74   0x0000005e   Code   RO          965    i.HAL_I2C_ER_IRQHandler  stm32f0xx_hal_i2c.o
    0x08000ad2   0x08000ad2   0x00000010   Code   RO          966    i.HAL_I2C_EV_IRQHandler  stm32f0xx_hal_i2c.o
    0x08000ae2   0x08000ae2   0x00000030   Code   RO          967    i.HAL_I2C_EnableListen_IT  stm32f0xx_hal_i2c.o
    0x08000b12   0x08000b12   0x00000002   Code   RO          968    i.HAL_I2C_ErrorCallback  stm32f0xx_hal_i2c.o
    0x08000b14   0x08000b14   0x000000c2   Code   RO          972    i.HAL_I2C_Init      stm32f0xx_hal_i2c.o
    0x08000bd6   0x08000bd6   0x00000002   Code   RO          974    i.HAL_I2C_ListenCpltCallback  stm32f0xx_hal_i2c.o
    0x08000bd8   0x08000bd8   0x00000002   Code   RO          975    i.HAL_I2C_MasterRxCpltCallback  stm32f0xx_hal_i2c.o
    0x08000bda   0x08000bda   0x00000002   Code   RO          976    i.HAL_I2C_MasterTxCpltCallback  stm32f0xx_hal_i2c.o
    0x08000bdc   0x08000bdc   0x00000002   Code   RO          988    i.HAL_I2C_MemRxCpltCallback  stm32f0xx_hal_i2c.o
    0x08000bde   0x08000bde   0x00000002   Code   RO          989    i.HAL_I2C_MemTxCpltCallback  stm32f0xx_hal_i2c.o
    0x08000be0   0x08000be0   0x0000006e   Code   RO          243    i.HAL_I2C_MspInit   stm32f0xx_hal_msp.o
    0x08000c4e   0x08000c4e   0x00000002   Code   RO          998    i.HAL_I2C_SlaveRxCpltCallback  stm32f0xx_hal_i2c.o
    0x08000c50   0x08000c50   0x00000002   Code   RO          999    i.HAL_I2C_SlaveTxCpltCallback  stm32f0xx_hal_i2c.o
    0x08000c52   0x08000c52   0x00000018   Code   RO          818    i.HAL_IncTick       stm32f0xx_hal.o
    0x08000c6a   0x08000c6a   0x00000024   Code   RO          819    i.HAL_Init          stm32f0xx_hal.o
    0x08000c8e   0x08000c8e   0x00000052   Code   RO          820    i.HAL_InitTick      stm32f0xx_hal.o
    0x08000ce0   0x08000ce0   0x0000002c   Code   RO          244    i.HAL_MspInit       stm32f0xx_hal_msp.o
    0x08000d0c   0x08000d0c   0x00000018   Code   RO         1628    i.HAL_NVIC_EnableIRQ  stm32f0xx_hal_cortex.o
    0x08000d24   0x08000d24   0x00000008   Code   RO         1632    i.HAL_NVIC_SetPriority  stm32f0xx_hal_cortex.o
    0x08000d2c   0x08000d2c   0x000000f6   Code   RO          773    i.HAL_RCCEx_PeriphCLKConfig  stm32f0xx_hal_rcc_ex.o
    0x08000e22   0x08000e22   0x00000126   Code   RO          677    i.HAL_RCC_ClockConfig  stm32f0xx_hal_rcc.o
    0x08000f48   0x08000f48   0x00000070   Code   RO          685    i.HAL_RCC_GetSysClockFreq  stm32f0xx_hal_rcc.o
    0x08000fb8   0x08000fb8   0x000003a2   Code   RO          688    i.HAL_RCC_OscConfig  stm32f0xx_hal_rcc.o
    0x0800135a   0x0800135a   0x00000030   Code   RO         1636    i.HAL_SYSTICK_Config  stm32f0xx_hal_cortex.o
    0x0800138a   0x0800138a   0x00000002   Code   RO         2761    i.HAL_TIMEx_BreakCallback  stm32f0xx_hal_tim_ex.o
    0x0800138c   0x0800138c   0x00000002   Code   RO         2762    i.HAL_TIMEx_CommutCallback  stm32f0xx_hal_tim_ex.o
    0x0800138e   0x0800138e   0x0000005e   Code   RO         2764    i.HAL_TIMEx_ConfigBreakDeadTime  stm32f0xx_hal_tim_ex.o
    0x080013ec   0x080013ec   0x00000058   Code   RO         2780    i.HAL_TIMEx_MasterConfigSynchronization  stm32f0xx_hal_tim_ex.o
    0x08001444   0x08001444   0x00000048   Code   RO         2060    i.HAL_TIM_Base_Init  stm32f0xx_hal_tim.o
    0x0800148c   0x0800148c   0x000000ec   Code   RO          246    i.HAL_TIM_Base_MspInit  stm32f0xx_hal_msp.o
    0x08001578   0x08001578   0x0000004e   Code   RO         2065    i.HAL_TIM_Base_Start_IT  stm32f0xx_hal_tim.o
    0x080015c6   0x080015c6   0x000000dc   Code   RO         2069    i.HAL_TIM_ConfigClockSource  stm32f0xx_hal_tim.o
    0x080016a2   0x080016a2   0x00000002   Code   RO         2094    i.HAL_TIM_IC_CaptureCallback  stm32f0xx_hal_tim.o
    0x080016a4   0x080016a4   0x00000128   Code   RO         2108    i.HAL_TIM_IRQHandler  stm32f0xx_hal_tim.o
    0x080017cc   0x080017cc   0x00000084   Code   RO          247    i.HAL_TIM_MspPostInit  stm32f0xx_hal_msp.o
    0x08001850   0x08001850   0x00000050   Code   RO         2109    i.HAL_TIM_OC_ConfigChannel  stm32f0xx_hal_tim.o
    0x080018a0   0x080018a0   0x00000002   Code   RO         2111    i.HAL_TIM_OC_DelayElapsedCallback  stm32f0xx_hal_tim.o
    0x080018a2   0x080018a2   0x00000048   Code   RO         2113    i.HAL_TIM_OC_Init   stm32f0xx_hal_tim.o
    0x080018ea   0x080018ea   0x00000002   Code   RO         2115    i.HAL_TIM_OC_MspInit  stm32f0xx_hal_tim.o
    0x080018ec   0x080018ec   0x000000d0   Code   RO         2132    i.HAL_TIM_PWM_ConfigChannel  stm32f0xx_hal_tim.o
    0x080019bc   0x080019bc   0x00000048   Code   RO         2135    i.HAL_TIM_PWM_Init  stm32f0xx_hal_tim.o
    0x08001a04   0x08001a04   0x00000002   Code   RO         2137    i.HAL_TIM_PWM_MspInit  stm32f0xx_hal_tim.o
    0x08001a06   0x08001a06   0x00000002   Code   RO         2138    i.HAL_TIM_PWM_PulseFinishedCallback  stm32f0xx_hal_tim.o
    0x08001a08   0x08001a08   0x000000ae   Code   RO         2140    i.HAL_TIM_PWM_Start  stm32f0xx_hal_tim.o
    0x08001ab6   0x08001ab6   0x0000009a   Code   RO         2143    i.HAL_TIM_PWM_Stop  stm32f0xx_hal_tim.o
    0x08001b50   0x08001b50   0x00000002   Code   RO         2146    i.HAL_TIM_PeriodElapsedCallback  stm32f0xx_hal_tim.o
    0x08001b52   0x08001b52   0x00000002   Code   RO         2151    i.HAL_TIM_TriggerCallback  stm32f0xx_hal_tim.o
    0x08001b54   0x08001b54   0x00000002   Code   RO          153    i.HardFault_Handler  stm32f0xx_it.o
    0x08001b56   0x08001b56   0x00000042   Code   RO          154    i.I2C1_IRQHandler   stm32f0xx_it.o
    0x08001b98   0x08001b98   0x0000001c   Code   RO         1011    i.I2C_DMAAbort      stm32f0xx_hal_i2c.o
    0x08001bb4   0x08001bb4   0x00000052   Code   RO         1017    i.I2C_Disable_IRQ   stm32f0xx_hal_i2c.o
    0x08001c06   0x08001c06   0x00000090   Code   RO         1018    i.I2C_Enable_IRQ    stm32f0xx_hal_i2c.o
    0x08001c96   0x08001c96   0x00000022   Code   RO         1019    i.I2C_Flush_TXDR    stm32f0xx_hal_i2c.o
    0x08001cb8   0x08001cb8   0x0000007e   Code   RO         1020    i.I2C_ITAddrCplt    stm32f0xx_hal_i2c.o
    0x08001d36   0x08001d36   0x00000124   Code   RO         1021    i.I2C_ITError       stm32f0xx_hal_i2c.o
    0x08001e5a   0x08001e5a   0x00000068   Code   RO         1022    i.I2C_ITListenCplt  stm32f0xx_hal_i2c.o
    0x08001ec2   0x08001ec2   0x000000e8   Code   RO         1023    i.I2C_ITMasterCplt  stm32f0xx_hal_i2c.o
    0x08001faa   0x08001faa   0x00000048   Code   RO         1024    i.I2C_ITMasterSeqCplt  stm32f0xx_hal_i2c.o
    0x08001ff2   0x08001ff2   0x000001c8   Code   RO         1025    i.I2C_ITSlaveCplt   stm32f0xx_hal_i2c.o
    0x080021ba   0x080021ba   0x0000006a   Code   RO         1026    i.I2C_ITSlaveSeqCplt  stm32f0xx_hal_i2c.o
    0x08002224   0x08002224   0x00000128   Code   RO         1028    i.I2C_Master_ISR_DMA  stm32f0xx_hal_i2c.o
    0x0800234c   0x0800234c   0x00000156   Code   RO         1030    i.I2C_Mem_ISR_DMA   stm32f0xx_hal_i2c.o
    0x080024a2   0x080024a2   0x00000102   Code   RO         1034    i.I2C_Slave_ISR_DMA  stm32f0xx_hal_i2c.o
    0x080025a4   0x080025a4   0x0000011e   Code   RO         1035    i.I2C_Slave_ISR_IT  stm32f0xx_hal_i2c.o
    0x080026c2   0x080026c2   0x00000032   Code   RO         1036    i.I2C_TransferConfig  stm32f0xx_hal_i2c.o
    0x080026f4   0x080026f4   0x00000026   Code   RO         1037    i.I2C_TreatErrorCallback  stm32f0xx_hal_i2c.o
    0x0800271a   0x0800271a   0x000000ee   Code   RO          302    i.MX_ADC_Init       configuracion.o
    0x08002808   0x08002808   0x0000009a   Code   RO          303    i.MX_GPIO_Init      configuracion.o
    0x080028a2   0x080028a2   0x00000058   Code   RO          304    i.MX_I2C1_Init      configuracion.o
    0x080028fa   0x080028fa   0x0000002e   Code   RO          305    i.MX_TIM14_Init     configuracion.o
    0x08002928   0x08002928   0x00000032   Code   RO          306    i.MX_TIM16_Init     configuracion.o
    0x0800295a   0x0800295a   0x00000032   Code   RO          307    i.MX_TIM17_Init     configuracion.o
    0x0800298c   0x0800298c   0x0000011c   Code   RO          308    i.MX_TIM1_Init      configuracion.o
    0x08002aa8   0x08002aa8   0x000000b2   Code   RO          309    i.MX_TIM3_Init      configuracion.o
    0x08002b5a   0x08002b5a   0x00000002   Code   RO          155    i.NMI_Handler       stm32f0xx_it.o
    0x08002b5c   0x08002b5c   0x00000002   Code   RO          156    i.PendSV_Handler    stm32f0xx_it.o
    0x08002b5e   0x08002b5e   0x00000002   Code   RO          157    i.SVC_Handler       stm32f0xx_it.o
    0x08002b60   0x08002b60   0x00000008   Code   RO          158    i.SysTick_Handler   stm32f0xx_it.o
    0x08002b68   0x08002b68   0x00000070   Code   RO          310    i.SystemClock_Config  configuracion.o
    0x08002bd8   0x08002bd8   0x00000002   Code   RO         3025    i.SystemInit        system_stm32f0xx.o
    0x08002bda   0x08002bda   0x00000028   Code   RO          159    i.TIM14_IRQHandler  stm32f0xx_it.o
    0x08002c02   0x08002c02   0x00000016   Code   RO          160    i.TIM16_IRQHandler  stm32f0xx_it.o
    0x08002c18   0x08002c18   0x00000016   Code   RO          161    i.TIM17_IRQHandler  stm32f0xx_it.o
    0x08002c2e   0x08002c2e   0x00000016   Code   RO          162    i.TIM1_CC_IRQHandler  stm32f0xx_it.o
    0x08002c44   0x08002c44   0x00000016   Code   RO          163    i.TIM3_IRQHandler   stm32f0xx_it.o
    0x08002c5a   0x08002c5a   0x0000009c   Code   RO         2153    i.TIM_Base_SetConfig  stm32f0xx_hal_tim.o
    0x08002cf6   0x08002cf6   0x0000001a   Code   RO         2154    i.TIM_CCxChannelCmd  stm32f0xx_hal_tim.o
    0x08002d10   0x08002d10   0x00000016   Code   RO         2164    i.TIM_ETR_SetConfig  stm32f0xx_hal_tim.o
    0x08002d26   0x08002d26   0x00000010   Code   RO         2165    i.TIM_ITRx_SetConfig  stm32f0xx_hal_tim.o
    0x08002d36   0x08002d36   0x00000094   Code   RO         2166    i.TIM_OC1_SetConfig  stm32f0xx_hal_tim.o
    0x08002dca   0x08002dca   0x00000086   Code   RO         2167    i.TIM_OC2_SetConfig  stm32f0xx_hal_tim.o
    0x08002e50   0x08002e50   0x0000008a   Code   RO         2168    i.TIM_OC3_SetConfig  stm32f0xx_hal_tim.o
    0x08002eda   0x08002eda   0x00000072   Code   RO         2169    i.TIM_OC4_SetConfig  stm32f0xx_hal_tim.o
    0x08002f4c   0x08002f4c   0x00000022   Code   RO         2171    i.TIM_TI1_ConfigInputStage  stm32f0xx_hal_tim.o
    0x08002f6e   0x08002f6e   0x00000026   Code   RO         2173    i.TIM_TI2_ConfigInputStage  stm32f0xx_hal_tim.o
    0x08002f94   0x08002f94   0x00000030   Code   RO          763    i.__ARM_common_ll_muluu  stm32f0xx_hal_rcc.o
    0x08002fc4   0x08002fc4   0x00000048   Code   RO         1638    i.__NVIC_SetPriority  stm32f0xx_hal_cortex.o
    0x0800300c   0x0800300c   0x00000342   Code   RO          370    i.actualizacion_configuracion_io  funcionalidad.o
    0x0800334e   0x0800334e   0x00000150   Code   RO           14    i.main              main.o
    0x0800349e   0x0800349e   0x0000006e   Code   RO          454    i.recepcion_comunicaciones  comunicaciones.o
    0x0800350c   0x0800350c   0x00000064   Code   RO          455    i.transmision_comunicaciones  comunicaciones.o
    0x08003570   0x08003570   0x00000020   Data   RO          689    .constdata          stm32f0xx_hal_rcc.o
    0x08003590   0x08003590   0x00000010   Data   RO         3026    .constdata          system_stm32f0xx.o
    0x080035a0   0x080035a0   0x00000020   Data   RO         3259    Region$$Table       anon$$obj.o


    Execution Region RW_IRAM1 (Exec base: 0x20000000, Load base: 0x080035c0, Size: 0x000008a8, Max: 0x00001000, ABSOLUTE)

    Exec Addr    Load Addr    Size         Type   Attr      Idx    E Section Name        Object

    0x20000000   0x080035c0   0x00000013   Data   RW           16    .data               main.o
    0x20000013   0x080035d3   0x00000001   PAD
    0x20000014   0x080035d4   0x0000000c   Data   RW          826    .data               stm32f0xx_hal.o
    0x20000020   0x080035e0   0x00000004   Data   RW         3028    .data               system_stm32f0xx.o
    0x20000024        -       0x00000220   Zero   RW           15    .bss                main.o
    0x20000244        -       0x00000060   Zero   RW         3130    .bss                c_p.l(libspace.o)
    0x200002a4   0x080035e4   0x00000004   PAD
    0x200002a8        -       0x00000200   Zero   RW            2    HEAP                startup_stm32f030x6.o
    0x200004a8        -       0x00000400   Zero   RW            1    STACK               startup_stm32f030x6.o


==============================================================================

Image component sizes


      Code (inc. data)   RO Data    RW Data    ZI Data      Debug   Object Name

       210          0          0          0          0       2412   comunicaciones.o
      1200          0          0          0          0       6679   configuracion.o
       834          0          0          0          0       1225   funcionalidad.o
       364          0          0         19        544     273754   main.o
        56         26        176          0       1536        692   startup_stm32f030x6.o
       160          0          0         12          0       7597   stm32f0xx_hal.o
       682          0          0          0          0       2783   stm32f0xx_hal_adc.o
       152          0          0          0          0      10581   stm32f0xx_hal_cortex.o
        78          0          0          0          0       1806   stm32f0xx_hal_dma.o
       494          0          0          0          0       2288   stm32f0xx_hal_gpio.o
      3316          0          0          0          0      25504   stm32f0xx_hal_i2c.o
        74          0          0          0          0       1243   stm32f0xx_hal_i2c_ex.o
       652          0          0          0          0       4203   stm32f0xx_hal_msp.o
      1384          0         32          0          0       4270   stm32f0xx_hal_rcc.o
       246          0          0          0          0       1496   stm32f0xx_hal_rcc_ex.o
      2266          0          0          0          0      20735   stm32f0xx_hal_tim.o
       186          0          0          0          0       3445   stm32f0xx_hal_tim_ex.o
       210          0          0          0          0       5473   stm32f0xx_it.o
         2          0         16          4          0       1271   system_stm32f0xx.o

    ----------------------------------------------------------------------
     12566         26        256         36       2080     377457   Object Totals
         0          0         32          0          0          0   (incl. Generated)
         0          0          0          1          0          0   (incl. Padding)

    ----------------------------------------------------------------------

      Code (inc. data)   RO Data    RW Data    ZI Data      Debug   Library Member Name

         8          0          0          0          0         68   __main.o
         0          0          0          0          0          0   __rtentry.o
        12          0          0          0          0          0   __rtentry2.o
         6          0          0          0          0          0   __rtentry4.o
        60          8          0          0          0          0   __scatter.o
        26          0          0          0          0          0   __scatter_copy.o
        28          0          0          0          0          0   __scatter_zi.o
       346          0          0          0          0         92   aeabi_sdiv.o
        16          0          0          0          0         68   exit.o
         6          0          0          0          0        136   heapauxi.o
         0          0          0          0          0          0   indicate_semi.o
         2          0          0          0          0          0   libinit.o
         2          0          0          0          0          0   libinit2.o
         2          0          0          0          0          0   libshutdown.o
         2          0          0          0          0          0   libshutdown2.o
         8          4          0          0         96         68   libspace.o
       258          0          0          0          0         88   lludiv.o
        64          0          0          0          0        108   rt_memclr.o
         2          0          0          0          0          0   rtexit.o
        10          0          0          0          0          0   rtexit2.o
        12          4          0          0          0         60   sys_exit.o
        62          0          0          0          0         80   sys_stackheap_outer.o
         2          0          0          0          0         68   use_no_semi.o

    ----------------------------------------------------------------------
       938         16          0          0        100        836   Library Totals
         4          0          0          0          4          0   (incl. Padding)

    ----------------------------------------------------------------------

      Code (inc. data)   RO Data    RW Data    ZI Data      Debug   Library Name

       934         16          0          0         96        836   c_p.l

    ----------------------------------------------------------------------
       938         16          0          0        100        836   Library Totals

    ----------------------------------------------------------------------

==============================================================================


      Code (inc. data)   RO Data    RW Data    ZI Data      Debug   

     13504         42        256         36       2180     373265   Grand Totals
     13504         42        256         36       2180     373265   ELF Image Totals
     13504         42        256         36          0          0   ROM Totals

==============================================================================

    Total RO  Size (Code + RO Data)                13760 (  13.44kB)
    Total RW  Size (RW Data + ZI Data)              2216 (   2.16kB)
    Total ROM Size (Code + RO Data + RW Data)      13796 (  13.47kB)

==============================================================================

