<html>
<body>
<pre>
<h1>µVision Build Log</h1>
<h2>Tool Versions:</h2>
IDE-Version: µVision V5.36.0.0
Copyright (C) 2021 ARM Ltd and ARM Germany GmbH. All rights reserved.
License Information: Méndez Miguel, Esphera Technologies, LIC=CIVNB-2ZWLJ-UVNI9-HYECY-MI3FH-T058F
 
Tool Versions:
Toolchain:       MDK-ARM Cortex-M0/M0+ for ST  Version: 5.36.0.0
Toolchain Path:  C:\Keil_v5\ARM\ARMCC\Bin
C Compiler:      Armcc.exe V5.06 update 7 (build 960)
Assembler:       Armasm.exe V5.06 update 7 (build 960)
Linker/Locator:  ArmLink.exe V5.06 update 7 (build 960)
Library Manager: ArmAr.exe V5.06 update 7 (build 960)
Hex Converter:   FromElf.exe V5.06 update 7 (build 960)
CPU DLL:         SARMCM3.DLL V5.36.0.0
Dialog DLL:      DARMCM1.DLL V1.19.4.0
Target DLL:      STLink\ST-LINKIII-KEIL_SWO.dll V3.0.9.0
Dialog DLL:      TARMCM1.DLL V1.14.4.0
 
<h2>Project:</h2>
C:\Users\Miguel\OneDrive\Escritorio\UNIR\Curso 2024-2025\TFG\Programa TFG STM32\TFG_Programa_Placa_base_v1\MDK-ARM\TFG_Programa_Placa_base_v1.uvprojx
Project File Date:  07/06/2025

<h2>Output:</h2>
*** Using Compiler 'V5.06 update 7 (build 960)', folder: 'C:\Keil_v5\ARM\ARMCC\Bin'
Rebuild target 'TFG_Programa_Placa_base_v1'
assembling startup_stm32f030x6.s...
compiling comunicaciones.c...
../Core/Inc/definiciones.h(206): warning:  #1-D: last line of file ends without a newline
  #define ESCRITURA_VALOR  130    //Escritura del valor 
../Core/Inc/definiciones.h(206): warning:  #1-D: last line of file ends without a newline
  #define ESCRITURA_VALOR  130    //Escritura del valor 
..\Core\Src\comunicaciones.c(129): warning:  #1-D: last line of file ends without a newline
  }
..\Core\Src\comunicaciones.c: 3 warnings, 0 errors
compiling hal.c...
../Core/Inc/definiciones.h(206): warning:  #1-D: last line of file ends without a newline
  #define ESCRITURA_VALOR  130    //Escritura del valor 
..\Core\Src\hal.c(188): warning:  #1-D: last line of file ends without a newline
  }
..\Core\Src\hal.c: 2 warnings, 0 errors
compiling main.c...
../Core/Inc/definiciones.h(206): warning:  #1-D: last line of file ends without a newline
  #define ESCRITURA_VALOR  130    //Escritura del valor 
../Core/Inc/definiciones.h(206): warning:  #1-D: last line of file ends without a newline
  #define ESCRITURA_VALOR  130    //Escritura del valor 
../Core/Src/main.c: 2 warnings, 0 errors
compiling stm32f0xx_it.c...
../Core/Inc/definiciones.h(206): warning:  #1-D: last line of file ends without a newline
  #define ESCRITURA_VALOR  130    //Escritura del valor 
../Core/Src/stm32f0xx_it.c: 1 warning, 0 errors
compiling configuracion.c...
../Core/Inc/definiciones.h(206): warning:  #1-D: last line of file ends without a newline
  #define ESCRITURA_VALOR  130    //Escritura del valor 
..\Core\Src\configuracion.c: 1 warning, 0 errors
compiling stm32f0xx_hal_msp.c...
../Core/Inc/definiciones.h(206): warning:  #1-D: last line of file ends without a newline
  #define ESCRITURA_VALOR  130    //Escritura del valor 
../Core/Src/stm32f0xx_hal_msp.c: 1 warning, 0 errors
compiling funcionalidad.c...
../Core/Inc/definiciones.h(206): warning:  #1-D: last line of file ends without a newline
  #define ESCRITURA_VALOR  130    //Escritura del valor 
../Core/Inc/definiciones.h(206): warning:  #1-D: last line of file ends without a newline
  #define ESCRITURA_VALOR  130    //Escritura del valor 
..\Core\Src\funcionalidad.c: 2 warnings, 0 errors
compiling stm32f0xx_hal_adc_ex.c...
compiling stm32f0xx_hal_i2c_ex.c...
compiling stm32f0xx_hal.c...
compiling stm32f0xx_hal_rcc_ex.c...
compiling stm32f0xx_hal_rcc.c...
compiling stm32f0xx_hal_adc.c...
compiling stm32f0xx_hal_pwr.c...
compiling stm32f0xx_hal_cortex.c...
compiling stm32f0xx_hal_pwr_ex.c...
compiling stm32f0xx_hal_i2c.c...
compiling stm32f0xx_hal_dma.c...
compiling stm32f0xx_hal_gpio.c...
compiling stm32f0xx_hal_flash.c...
compiling system_stm32f0xx.c...
compiling stm32f0xx_hal_flash_ex.c...
compiling stm32f0xx_hal_exti.c...
compiling stm32f0xx_hal_tim_ex.c...
compiling stm32f0xx_hal_tim.c...
linking...
Program Size: Code=13504 RO-data=256 RW-data=36 ZI-data=2180  
FromELF: creating hex file...
"TFG_Programa_Placa_base_v1\TFG_Programa_Placa_base_v1.axf" - 0 Error(s), 12 Warning(s).

<h2>Software Packages used:</h2>

Package Vendor: ARM
                http://www.keil.com/pack/ARM.CMSIS.5.8.0.pack
                ARM.CMSIS.5.8.0
                CMSIS (Common Microcontroller Software Interface Standard)
   * Component: CORE Version: 5.5.0

Package Vendor: Keil
                http://www.keil.com/pack/Keil.STM32F0xx_DFP.2.1.1.pack
                Keil.STM32F0xx_DFP.2.1.1
                STMicroelectronics STM32F0 Series Device Support, Drivers and Examples

<h2>Collection of Component include folders:</h2>
  .\RTE\_TFG_Programa_Placa_base_v1
  C:\Users\Miguel\AppData\Local\Arm\Packs\ARM\CMSIS\5.8.0\CMSIS\Core\Include
  C:\Users\Miguel\AppData\Local\Arm\Packs\Keil\STM32F0xx_DFP\2.1.1\Drivers\CMSIS\Device\ST\STM32F0xx\Include

<h2>Collection of Component Files used:</h2>

   * Component: ARM::CMSIS:CORE:5.5.0
      Include file:  CMSIS\Core\Include\tz_context.h
Build Time Elapsed:  00:00:07
</pre>
</body>
</html>
